  T=280 eval  1 lnS=+0.532 lnM=+0.238 lnG=-0.030 Jsc=22.120 Voc=0.8708 FF=71.2% |r|=0.28
  T=280 eval  2 lnS=+0.559 lnM=+0.238 lnG=-0.030 Jsc=22.119 Voc=0.8701 FF=71.1% |r|=0.38
  T=280 eval  3 lnS=+0.532 lnM=+0.250 lnG=-0.030 Jsc=22.121 Voc=0.8708 FF=71.4% |r|=0.38
  T=280 eval  4 lnS=+0.532 lnM=+0.238 lnG=-0.032 Jsc=22.087 Voc=0.8708 FF=71.3% |r|=0.34
  T=280 eval  5 lnS=+0.487 lnM=+0.208 lnG=-0.030 Jsc=22.120 Voc=0.8720 FF=71.1% |r|=0.00
  T=280 eval  6 lnS=+0.511 lnM=+0.208 lnG=-0.030 Jsc=22.119 Voc=0.8714 FF=71.0% |r|=0.18
  T=280 eval  7 lnS=+0.487 lnM=+0.218 lnG=-0.030 Jsc=22.121 Voc=0.8720 FF=71.2% |r|=0.13
  T=280 eval  8 lnS=+0.487 lnM=+0.208 lnG=-0.032 Jsc=22.086 Voc=0.8720 FF=71.1% |r|=0.17
  T=280 eval  9 lnS=+0.486 lnM=+0.208 lnG=-0.030 Jsc=22.120 Voc=0.8720 FF=71.1% |r|=0.00
  T=280 eval 10 lnS=+0.511 lnM=+0.208 lnG=-0.030 Jsc=22.119 Voc=0.8714 FF=71.0% |r|=0.18
  T=280 eval 11 lnS=+0.486 lnM=+0.218 lnG=-0.030 Jsc=22.121 Voc=0.8720 FF=71.2% |r|=0.13
  T=280 eval 12 lnS=+0.486 lnM=+0.208 lnG=-0.032 Jsc=22.086 Voc=0.8720 FF=71.1% |r|=0.17
DONE {"tag": "V1_cal_2020", "T": 280.0, "x": [0.4864021513136002, 0.2078608412089083, -0.030440481452845416], "beta_scale": 1.6264539452998983, "beta": 5.745981550703681e-13, "G": 1.2578030970044684e+22, "G_ratio": 0.9700181644209804, "M": 1.2310418473333897, "Jsc": 22.11995802018755, "Voc": 0.8720090392449755, "FF": 0.7109817417287059, "mu_n_bulk": 0.0007691979089635802, "mu_p_bulk": 0.00010050414070861198, "zeta_eff": 0.0012779095453595674, "target": [22.12, 0.872, 0.711], "seconds": 59.06418585777283}
  T=250 eval  1 lnS=+1.238 lnM=+0.516 lnG=-0.060 Jsc=21.461 Voc=0.8955 FF=65.3% |r|=0.60
  T=250 eval  2 lnS=+1.300 lnM=+0.516 lnG=-0.060 Jsc=21.458 Voc=0.8940 FF=65.0% |r|=0.79
  T=250 eval  3 lnS=+1.238 lnM=+0.541 lnG=-0.060 Jsc=21.463 Voc=0.8955 FF=65.7% |r|=0.87
  T=250 eval  4 lnS=+1.238 lnM=+0.516 lnG=-0.063 Jsc=21.397 Voc=0.8955 FF=65.4% |r|=0.70
  T=250 eval  5 lnS=+1.137 lnM=+0.452 lnG=-0.060 Jsc=21.460 Voc=0.8980 FF=65.0% |r|=0.00
  T=250 eval  6 lnS=+1.194 lnM=+0.452 lnG=-0.060 Jsc=21.456 Voc=0.8966 FF=64.7% |r|=0.43
  T=250 eval  7 lnS=+1.137 lnM=+0.475 lnG=-0.060 Jsc=21.461 Voc=0.8980 FF=65.3% |r|=0.33
  T=250 eval  8 lnS=+1.137 lnM=+0.452 lnG=-0.063 Jsc=21.395 Voc=0.8979 FF=65.0% |r|=0.33
  T=250 eval  9 lnS=+1.137 lnM=+0.452 lnG=-0.060 Jsc=21.460 Voc=0.8980 FF=65.0% |r|=0.01
  T=250 eval 10 lnS=+1.194 lnM=+0.452 lnG=-0.060 Jsc=21.457 Voc=0.8966 FF=64.7% |r|=0.43
  T=250 eval 11 lnS=+1.137 lnM=+0.474 lnG=-0.060 Jsc=21.462 Voc=0.8980 FF=65.3% |r|=0.32
  T=250 eval 12 lnS=+1.137 lnM=+0.452 lnG=-0.063 Jsc=21.395 Voc=0.8979 FF=65.0% |r|=0.32
DONE {"tag": "V1_cal_2020", "T": 250.0, "x": [1.1368818203245723, 0.4518438939118457, -0.060264933174426626], "beta_scale": 3.117033724686666, "beta": 4.665288569115648e-13, "G": 1.220843695770088e+22, "G_ratio": 0.9415150619649171, "M": 1.571206654507681, "Jsc": 21.459905038691716, "Voc": 0.8980204729512856, "FF": 0.6499658161174694, "mu_n_bulk": 0.0004969154761629942, "mu_p_bulk": 6.756054204245547e-05, "zeta_eff": 0.0015985984842840368, "target": [21.46, 0.898, 0.65], "seconds": 67.9231641292572}
  T=230 eval  1 lnS=+1.869 lnM=+0.834 lnG=-0.090 Jsc=20.823 Voc=0.9100 FF=60.5% |r|=0.91
  T=230 eval  2 lnS=+1.963 lnM=+0.834 lnG=-0.090 Jsc=20.816 Voc=0.9078 FF=60.0% |r|=1.24
  T=230 eval  3 lnS=+1.869 lnM=+0.876 lnG=-0.090 Jsc=20.827 Voc=0.9100 FF=61.1% |r|=1.32
  T=230 eval  4 lnS=+1.869 lnM=+0.834 lnG=-0.094 Jsc=20.730 Voc=0.9099 FF=60.6% |r|=1.05
  T=230 eval  5 lnS=+1.699 lnM=+0.739 lnG=-0.090 Jsc=20.819 Voc=0.9140 FF=60.1% |r|=0.01
  T=230 eval  6 lnS=+1.784 lnM=+0.739 lnG=-0.090 Jsc=20.813 Voc=0.9120 FF=59.6% |r|=0.62
  T=230 eval  7 lnS=+1.699 lnM=+0.776 lnG=-0.090 Jsc=20.823 Voc=0.9140 FF=60.7% |r|=0.56
  T=230 eval  8 lnS=+1.699 lnM=+0.739 lnG=-0.094 Jsc=20.726 Voc=0.9139 FF=60.2% |r|=0.47
  T=230 eval  9 lnS=+1.697 lnM=+0.737 lnG=-0.090 Jsc=20.820 Voc=0.9140 FF=60.1% |r|=0.01
  T=230 eval 10 lnS=+1.782 lnM=+0.737 lnG=-0.090 Jsc=20.814 Voc=0.9121 FF=59.6% |r|=0.63
  T=230 eval 11 lnS=+1.697 lnM=+0.774 lnG=-0.090 Jsc=20.823 Voc=0.9140 FF=60.6% |r|=0.54
  T=230 eval 12 lnS=+1.697 lnM=+0.737 lnG=-0.094 Jsc=20.727 Voc=0.9139 FF=60.1% |r|=0.47
  T=230 eval 13 lnS=+1.697 lnM=+0.737 lnG=-0.090 Jsc=20.820 Voc=0.9140 FF=60.1% |r|=0.01
  T=230 eval 14 lnS=+1.782 lnM=+0.737 lnG=-0.090 Jsc=20.814 Voc=0.9121 FF=59.6% |r|=0.63
  T=230 eval 15 lnS=+1.697 lnM=+0.774 lnG=-0.090 Jsc=20.823 Voc=0.9140 FF=60.6% |r|=0.54
  T=230 eval 16 lnS=+1.697 lnM=+0.737 lnG=-0.094 Jsc=20.727 Voc=0.9139 FF=60.1% |r|=0.47
DONE {"tag": "V1_cal_2020", "T": 230.0, "x": [1.6972970645835064, 0.7371628730746733, -0.08984525217546441], "beta_scale": 5.459171643396606, "beta": 3.9887098807794793e-13, "G": 1.1852596383034104e+22, "G_ratio": 0.9140726250773931, "M": 2.08999750683621, "Jsc": 20.819842530258196, "Voc": 0.9140346157495743, "FF": 0.6009455532877521, "mu_n_bulk": 0.00036356383701319797, "mu_p_bulk": 4.956158106066612e-05, "zeta_eff": 0.0018674841013566503, "target": [20.82, 0.914, 0.601], "seconds": 107.25127601623535}
  T=200 eval  1 lnS=+2.098 lnM=+0.405 lnG=-0.142 Jsc=19.034 Voc=0.9398 FF=41.9% |r|=8.82
  T=200 eval  2 lnS=+2.202 lnM=+0.405 lnG=-0.142 Jsc=18.973 Voc=0.9376 FF=41.6% |r|=9.27
  T=200 eval  3 lnS=+2.098 lnM=+0.426 lnG=-0.142 Jsc=19.069 Voc=0.9398 FF=42.1% |r|=8.61
  T=200 eval  4 lnS=+2.098 lnM=+0.405 lnG=-0.150 Jsc=18.907 Voc=0.9397 FF=42.0% |r|=9.01
  T=200 eval  5 lnS=+1.886 lnM=+1.177 lnG=-0.192 Jsc=18.745 Voc=0.9426 FF=51.8% |r|=4.59
  T=200 eval  6 lnS=+1.980 lnM=+1.177 lnG=-0.192 Jsc=18.735 Voc=0.9405 FF=51.3% |r|=4.45
  T=200 eval  7 lnS=+1.886 lnM=+1.236 lnG=-0.192 Jsc=18.756 Voc=0.9425 FF=52.6% |r|=4.86
  T=200 eval  8 lnS=+1.886 lnM=+1.177 lnG=-0.202 Jsc=18.566 Voc=0.9423 FF=51.9% |r|=5.45
  T=200 eval  9 lnS=+2.077 lnM=+1.170 lnG=-0.149 Jsc=19.541 Voc=0.9394 FF=50.3% |r|=0.31
  T=200 eval 10 lnS=+2.180 lnM=+1.170 lnG=-0.149 Jsc=19.526 Voc=0.9371 FF=49.8% |r|=0.73
  T=200 eval 11 lnS=+2.077 lnM=+1.228 lnG=-0.149 Jsc=19.555 Voc=0.9393 FF=51.1% |r|=0.83
  T=200 eval 12 lnS=+2.077 lnM=+1.170 lnG=-0.157 Jsc=19.397 Voc=0.9392 FF=50.4% |r|=1.02
  T=200 eval 13 lnS=+2.094 lnM=+1.175 lnG=-0.146 Jsc=19.600 Voc=0.9391 FF=50.3% |r|=0.02
  T=200 eval 14 lnS=+2.199 lnM=+1.175 lnG=-0.146 Jsc=19.585 Voc=0.9368 FF=49.7% |r|=0.72
  T=200 eval 15 lnS=+2.094 lnM=+1.233 lnG=-0.146 Jsc=19.614 Voc=0.9390 FF=51.1% |r|=0.75
  T=200 eval 16 lnS=+2.094 lnM=+1.175 lnG=-0.154 Jsc=19.458 Voc=0.9389 FF=50.3% |r|=0.71
  T=200 eval 17 lnS=+2.094 lnM=+1.175 lnG=-0.146 Jsc=19.600 Voc=0.9391 FF=50.3% |r|=0.02
  T=200 eval 18 lnS=+2.199 lnM=+1.175 lnG=-0.146 Jsc=19.585 Voc=0.9368 FF=49.7% |r|=0.72
  T=200 eval 19 lnS=+2.094 lnM=+1.234 lnG=-0.146 Jsc=19.614 Voc=0.9390 FF=51.1% |r|=0.76
  T=200 eval 20 lnS=+2.094 lnM=+1.175 lnG=-0.154 Jsc=19.458 Voc=0.9389 FF=50.3% |r|=0.71
DONE {"tag": "V1_cal_2020", "T": 200.0, "x": [2.0938847092178947, 1.1747877342279984, -0.14625679035835554], "beta_scale": 8.116383792430286, "beta": 2.699523248621529e-13, "G": 1.1202482543984722e+22, "G_ratio": 0.8639358243077637, "M": 3.2374556698710855, "Jsc": 19.59973772952619, "Voc": 0.9390599650855197, "FF": 0.5029022952267163, "mu_n_bulk": 0.00016933213721366026, "mu_p_bulk": 2.550158126007033e-05, "zeta_eff": 0.002679966302101837, "target": [19.6, 0.939, 0.503], "seconds": 130.1196093559265}
  T=175 eval  1 lnS=+2.326 lnM=-0.024 lnG=-0.010 Jsc=16.871 Voc=0.9678 FF=35.0% |r|=4.86
  T=175 eval  2 lnS=+2.442 lnM=-0.024 lnG=-0.010 Jsc=16.700 Voc=0.9654 FF=34.7% |r|=5.09
  T=175 eval  3 lnS=+2.326 lnM=-0.025 lnG=-0.010 Jsc=16.867 Voc=0.9678 FF=35.0% |r|=4.86
  T=175 eval  4 lnS=+2.326 lnM=-0.024 lnG=-0.010 Jsc=16.864 Voc=0.9678 FF=35.0% |r|=4.86
  T=175 eval  5 lnS=+2.161 lnM=+1.090 lnG=-0.304 Jsc=15.939 Voc=0.9636 FF=40.0% |r|=4.58
  T=175 eval  6 lnS=+2.269 lnM=+1.090 lnG=-0.304 Jsc=15.875 Voc=0.9613 FF=39.7% |r|=4.88
  T=175 eval  7 lnS=+2.161 lnM=+1.145 lnG=-0.304 Jsc=16.033 Voc=0.9635 FF=40.3% |r|=4.15
  T=175 eval  8 lnS=+2.161 lnM=+1.090 lnG=-0.319 Jsc=15.716 Voc=0.9632 FF=40.1% |r|=5.69
  T=175 eval  9 lnS=+2.289 lnM=+1.196 lnG=-0.254 Jsc=16.812 Voc=0.9618 FF=40.1% |r|=0.43
  T=175 eval 10 lnS=+2.404 lnM=+1.196 lnG=-0.254 Jsc=16.743 Voc=0.9594 FF=39.7% |r|=0.74
  T=175 eval 11 lnS=+2.289 lnM=+1.256 lnG=-0.254 Jsc=16.916 Voc=0.9618 FF=40.5% |r|=0.83
  T=175 eval 12 lnS=+2.289 lnM=+1.196 lnG=-0.267 Jsc=16.615 Voc=0.9616 FF=40.1% |r|=1.25
  T=175 eval 13 lnS=+2.291 lnM=+1.138 lnG=-0.245 Jsc=16.841 Voc=0.9621 FF=39.7% |r|=0.05
  T=175 eval 14 lnS=+2.405 lnM=+1.138 lnG=-0.245 Jsc=16.766 Voc=0.9597 FF=39.3% |r|=0.72
  T=175 eval 15 lnS=+2.291 lnM=+1.195 lnG=-0.245 Jsc=16.949 Voc=0.9620 FF=40.0% |r|=0.60
  T=175 eval 16 lnS=+2.291 lnM=+1.138 lnG=-0.257 Jsc=16.652 Voc=0.9618 FF=39.7% |r|=0.99
  T=175 eval 17 lnS=+2.292 lnM=+1.134 lnG=-0.244 Jsc=16.850 Voc=0.9621 FF=39.7% |r|=0.02
  T=175 eval 18 lnS=+2.406 lnM=+1.134 lnG=-0.244 Jsc=16.774 Voc=0.9597 FF=39.3% |r|=0.71
  T=175 eval 19 lnS=+2.292 lnM=+1.191 lnG=-0.244 Jsc=16.958 Voc=0.9620 FF=40.0% |r|=0.63
  T=175 eval 20 lnS=+2.292 lnM=+1.134 lnG=-0.256 Jsc=16.661 Voc=0.9618 FF=39.7% |r|=0.95
  T=175 eval 21 lnS=+2.292 lnM=+1.134 lnG=-0.244 Jsc=16.850 Voc=0.9621 FF=39.7% |r|=0.02
  T=175 eval 22 lnS=+2.406 lnM=+1.134 lnG=-0.244 Jsc=16.774 Voc=0.9597 FF=39.3% |r|=0.71
  T=175 eval 23 lnS=+2.292 lnM=+1.191 lnG=-0.244 Jsc=16.958 Voc=0.9620 FF=40.0% |r|=0.63
  T=175 eval 24 lnS=+2.292 lnM=+1.134 lnG=-0.256 Jsc=16.661 Voc=0.9618 FF=39.7% |r|=0.94
DONE {"tag": "V1_cal_2020", "T": 175.0, "x": [2.291541774294458, 1.1339253189505232, -0.2439868456002521], "beta_scale": 9.890174348982555, "beta": 1.544973156699263e-13, "G": 1.0159460640843817e+22, "G_ratio": 0.7834979406401881, "M": 3.1078318196218997, "Jsc": 16.849702027381237, "Voc": 0.9620760739143328, "FF": 0.396814223407837, "mu_n_bulk": 4.342031503095776e-05, "mu_p_bulk": 9.186938250368115e-06, "zeta_eff": 0.005680436266988919, "target": [16.85, 0.962, 0.397], "seconds": 121.11071729660034}
  T=150 eval  1 lnS=+3.058 lnM=-0.100 lnG=-0.017 Jsc=12.852 Voc=0.9843 FF=27.8% |r|=6.59
  T=150 eval  2 lnS=+3.211 lnM=-0.100 lnG=-0.017 Jsc=12.351 Voc=0.9810 FF=27.4% |r|=7.45
  T=150 eval  3 lnS=+3.058 lnM=-0.106 lnG=-0.017 Jsc=12.829 Voc=0.9843 FF=27.8% |r|=6.61
  T=150 eval  4 lnS=+3.058 lnM=-0.100 lnG=-0.018 Jsc=12.842 Voc=0.9843 FF=27.8% |r|=6.59
  T=150 eval  5 lnS=+2.523 lnM=+0.841 lnG=-0.534 Jsc=10.971 Voc=0.9837 FF=33.2% |r|=9.37
  T=150 eval  6 lnS=+2.889 lnM=+0.132 lnG=-0.145 Jsc=12.780 Voc=0.9850 FF=29.3% |r|=5.11
  T=150 eval  7 lnS=+3.034 lnM=+0.132 lnG=-0.145 Jsc=12.414 Voc=0.9820 FF=28.9% |r|=5.89
  T=150 eval  8 lnS=+2.889 lnM=+0.138 lnG=-0.145 Jsc=12.804 Voc=0.9850 FF=29.3% |r|=5.08
  T=150 eval  9 lnS=+2.889 lnM=+0.132 lnG=-0.152 Jsc=12.696 Voc=0.9849 FF=29.3% |r|=5.14
  T=150 eval 10 lnS=+2.725 lnM=+0.529 lnG=-0.291 Jsc=12.649 Voc=0.9851 FF=31.4% |r|=3.19
  T=150 eval 11 lnS=+2.861 lnM=+0.529 lnG=-0.291 Jsc=12.415 Voc=0.9822 FF=31.0% |r|=3.99
  T=150 eval 12 lnS=+2.725 lnM=+0.556 lnG=-0.291 Jsc=12.719 Voc=0.9850 FF=31.5% |r|=3.02
  T=150 eval 13 lnS=+2.725 lnM=+0.529 lnG=-0.306 Jsc=12.480 Voc=0.9847 FF=31.4% |r|=3.51
  T=150 eval 14 lnS=+2.621 lnM=+1.028 lnG=-0.404 Jsc=12.644 Voc=0.9843 FF=33.5% |r|=1.31
  T=150 eval 15 lnS=+2.752 lnM=+1.028 lnG=-0.404 Jsc=12.494 Voc=0.9816 FF=33.2% |r|=2.10
  T=150 eval 16 lnS=+2.621 lnM=+1.080 lnG=-0.404 Jsc=12.748 Voc=0.9843 FF=33.7% |r|=0.85
  T=150 eval 17 lnS=+2.621 lnM=+1.028 lnG=-0.424 Jsc=12.409 Voc=0.9839 FF=33.5% |r|=2.28
  T=150 eval 18 lnS=+2.634 lnM=+1.234 lnG=-0.422 Jsc=12.819 Voc=0.9834 FF=34.2% |r|=0.19
  T=150 eval 19 lnS=+2.766 lnM=+1.234 lnG=-0.422 Jsc=12.685 Voc=0.9807 FF=33.9% |r|=1.00
  T=150 eval 20 lnS=+2.634 lnM=+1.295 lnG=-0.422 Jsc=12.936 Voc=0.9834 FF=34.5% |r|=0.54
  T=150 eval 21 lnS=+2.634 lnM=+1.234 lnG=-0.444 Jsc=12.570 Voc=0.9830 FF=34.3% |r|=1.31
  T=150 eval 22 lnS=+2.643 lnM=+1.273 lnG=-0.427 Jsc=12.830 Voc=0.9831 FF=34.4% |r|=0.04
  T=150 eval 23 lnS=+2.775 lnM=+1.273 lnG=-0.427 Jsc=12.698 Voc=0.9804 FF=34.0% |r|=0.92
  T=150 eval 24 lnS=+2.643 lnM=+1.336 lnG=-0.427 Jsc=12.948 Voc=0.9831 FF=34.6% |r|=0.63
  T=150 eval 25 lnS=+2.643 lnM=+1.273 lnG=-0.448 Jsc=12.578 Voc=0.9827 FF=34.4% |r|=1.26
  T=150 eval 26 lnS=+2.643 lnM=+1.273 lnG=-0.427 Jsc=12.830 Voc=0.9831 FF=34.4% |r|=0.04
  T=150 eval 27 lnS=+2.776 lnM=+1.273 lnG=-0.427 Jsc=12.699 Voc=0.9804 FF=34.0% |r|=0.92
  T=150 eval 28 lnS=+2.643 lnM=+1.337 lnG=-0.427 Jsc=12.948 Voc=0.9830 FF=34.6% |r|=0.63
  T=150 eval 29 lnS=+2.643 lnM=+1.273 lnG=-0.449 Jsc=12.578 Voc=0.9827 FF=34.4% |r|=1.26
DONE {"tag": "V1_cal_2020", "T": 150.0, "x": [2.6433542341923895, 1.2733054380379332, -0.42714777708904605], "beta_scale": 14.060286093117455, "beta": 8.018647815433773e-14, "G": 8.459113853825761e+21, "G_ratio": 0.6523671401873644, "M": 3.5726422141098855, "Jsc": 12.82956224292824, "Voc": 0.9831141230552248, "FF": 0.3436877417595075, "mu_n_bulk": 9.759488298316717e-06, "mu_p_bulk": 3.489172682773695e-06, "zeta_eff": 0.011706728132522153, "target": [12.83, 0.983, 0.344], "seconds": 151.08471584320068}
  T=125 eval  1 lnS=+3.267 lnM=-0.285 lnG=-0.025 Jsc=8.677 Voc=1.0171 FF=25.0% |r|=5.52
  T=125 eval  2 lnS=+3.430 lnM=-0.285 lnG=-0.025 Jsc=8.102 Voc=1.0133 FF=23.8% |r|=6.84
  T=125 eval  3 lnS=+3.267 lnM=-0.299 lnG=-0.025 Jsc=8.617 Voc=1.0171 FF=24.9% |r|=5.59
  T=125 eval  4 lnS=+3.267 lnM=-0.285 lnG=-0.026 Jsc=8.667 Voc=1.0171 FF=24.9% |r|=5.52
  T=125 eval  5 lnS=+3.205 lnM=+0.705 lnG=-0.579 Jsc=8.218 Voc=1.0065 FF=28.7% |r|=2.55
  T=125 eval  6 lnS=+3.365 lnM=+0.705 lnG=-0.579 Jsc=7.838 Voc=1.0030 FF=27.7% |r|=4.56
  T=125 eval  7 lnS=+3.205 lnM=+0.740 lnG=-0.579 Jsc=8.323 Voc=1.0065 FF=28.8% |r|=2.04
  T=125 eval  8 lnS=+3.205 lnM=+0.705 lnG=-0.608 Jsc=8.002 Voc=1.0059 FF=28.6% |r|=3.52
  T=125 eval  9 lnS=+3.242 lnM=+0.939 lnG=-0.601 Jsc=8.644 Voc=1.0052 FF=29.3% |r|=0.58
  T=125 eval 10 lnS=+3.404 lnM=+0.939 lnG=-0.601 Jsc=8.279 Voc=1.0017 FF=28.4% |r|=2.30
  T=125 eval 11 lnS=+3.242 lnM=+0.986 lnG=-0.601 Jsc=8.777 Voc=1.0052 FF=29.5% |r|=0.75
  T=125 eval 12 lnS=+3.242 lnM=+0.939 lnG=-0.631 Jsc=8.407 Voc=1.0046 FF=29.3% |r|=1.37
  T=125 eval 13 lnS=+3.289 lnM=+1.102 lnG=-0.644 Jsc=8.645 Voc=1.0033 FF=29.7% |r|=0.10
  T=125 eval 14 lnS=+3.453 lnM=+1.102 lnG=-0.644 Jsc=8.301 Voc=0.9997 FF=28.8% |r|=2.13
  T=125 eval 15 lnS=+3.289 lnM=+1.158 lnG=-0.644 Jsc=8.788 Voc=1.0033 FF=29.9% |r|=0.67
  T=125 eval 16 lnS=+3.289 lnM=+1.102 lnG=-0.676 Jsc=8.389 Voc=1.0026 FF=29.6% |r|=1.36
  T=125 eval 17 lnS=+3.294 lnM=+1.110 lnG=-0.643 Jsc=8.660 Voc=1.0032 FF=29.7% |r|=0.04
  T=125 eval 18 lnS=+3.458 lnM=+1.110 lnG=-0.643 Jsc=8.315 Voc=0.9996 FF=28.8% |r|=2.07
  T=125 eval 19 lnS=+3.294 lnM=+1.165 lnG=-0.643 Jsc=8.804 Voc=1.0032 FF=29.9% |r|=0.75
  T=125 eval 20 lnS=+3.294 lnM=+1.110 lnG=-0.675 Jsc=8.404 Voc=1.0025 FF=29.6% |r|=1.29
  T=125 eval 21 lnS=+3.294 lnM=+1.110 lnG=-0.643 Jsc=8.659 Voc=1.0032 FF=29.7% |r|=0.04
  T=125 eval 22 lnS=+3.458 lnM=+1.110 lnG=-0.643 Jsc=8.315 Voc=0.9996 FF=28.8% |r|=2.07
  T=125 eval 23 lnS=+3.294 lnM=+1.165 lnG=-0.643 Jsc=8.803 Voc=1.0032 FF=29.9% |r|=0.75
  T=125 eval 24 lnS=+3.294 lnM=+1.110 lnG=-0.675 Jsc=8.403 Voc=1.0025 FF=29.6% |r|=1.29
DONE {"tag": "V1_cal_2020", "T": 125.0, "x": [3.293700254360529, 1.1096515352633638, -0.6430140794186222], "beta_scale": 26.94237307072421, "beta": 3.748770166150064e-14, "G": 6.816717972985428e+21, "G_ratio": 0.5257055155356595, "M": 3.0333012117430407, "Jsc": 8.659407444004742, "Voc": 1.0031677864048638, "FF": 0.2967913295641788, "mu_n_bulk": 1.6456552129918063e-06, "mu_p_bulk": 1.2365732793773738e-06, "zeta_eff": 0.025157459860034252, "target": [8.66, 1.003, 0.297], "seconds": 106.72363829612732}
  T=100 eval  1 lnS=+5.446 lnM=+0.900 lnG=+0.006 Jsc=5.499 Voc=1.0199 FF=25.9% |r|=0.40
  T=100 eval  2 lnS=+5.718 lnM=+0.900 lnG=+0.006 Jsc=5.058 Voc=1.0137 FF=23.7% |r|=3.24
  T=100 eval  3 lnS=+5.446 lnM=+0.945 lnG=+0.006 Jsc=5.581 Voc=1.0199 FF=26.1% |r|=0.71
  T=100 eval  4 lnS=+5.446 lnM=+0.900 lnG=+0.007 Jsc=5.500 Voc=1.0199 FF=25.9% |r|=0.40
  T=100 eval  5 lnS=+5.429 lnM=+0.773 lnG=+0.045 Jsc=5.501 Voc=1.0211 FF=25.6% |r|=0.02
  T=100 eval  6 lnS=+5.700 lnM=+0.773 lnG=+0.045 Jsc=5.057 Voc=1.0149 FF=23.4% |r|=3.35
  T=100 eval  7 lnS=+5.429 lnM=+0.811 lnG=+0.045 Jsc=5.572 Voc=1.0211 FF=25.8% |r|=0.40
  T=100 eval  8 lnS=+5.429 lnM=+0.773 lnG=+0.047 Jsc=5.513 Voc=1.0212 FF=25.6% |r|=0.07
  T=100 eval  9 lnS=+5.428 lnM=+0.769 lnG=+0.045 Jsc=5.499 Voc=1.0211 FF=25.6% |r|=0.03
  T=100 eval 10 lnS=+5.699 lnM=+0.769 lnG=+0.045 Jsc=5.056 Voc=1.0150 FF=23.4% |r|=3.36
  T=100 eval 11 lnS=+5.428 lnM=+0.808 lnG=+0.045 Jsc=5.570 Voc=1.0212 FF=25.8% |r|=0.39
  T=100 eval 12 lnS=+5.428 lnM=+0.769 lnG=+0.048 Jsc=5.511 Voc=1.0212 FF=25.6% |r|=0.07
DONE {"tag": "V1_cal_2020", "T": 100.0, "x": [5.427628692260921, 0.7691073922809457, 0.04524049040605449], "beta_scale": 227.60887429899375, "beta": 3.816463752948685e-14, "G": 1.356689576124858e+22, "G_ratio": 1.0462794498247587, "M": 2.157839289894797, "Jsc": 5.499410317119144, "Voc": 1.0211395351840236, "FF": 0.2558754431906402, "mu_n_bulk": 1.551127298093618e-07, "mu_p_bulk": 9.265387581046843e-07, "zeta_eff": 0.06824646650411, "target": [5.5, 1.021, 0.256], "seconds": 166.31546187400818}
