  T=280 eval  1 lnS=+0.050 lnM=+0.040 Jsc=22.813 Voc=0.8843 FF=71.0% |r|=4.25
  T=280 eval  2 lnS=+0.053 lnM=+0.040 Jsc=22.813 Voc=0.8843 FF=71.0% |r|=4.24
  T=280 eval  3 lnS=+0.050 lnM=+0.042 Jsc=22.813 Voc=0.8843 FF=71.1% |r|=4.25
  T=280 eval  4 lnS=+0.114 lnM=+0.053 Jsc=22.811 Voc=0.8826 FF=70.9% |r|=4.06
  T=280 eval  5 lnS=+0.120 lnM=+0.053 Jsc=22.811 Voc=0.8825 FF=70.8% |r|=4.05
  T=280 eval  6 lnS=+0.114 lnM=+0.056 Jsc=22.811 Voc=0.8826 FF=70.9% |r|=4.06
  T=280 eval  7 lnS=+0.235 lnM=+0.100 Jsc=22.809 Voc=0.8794 FF=70.8% |r|=3.76
  T=280 eval  8 lnS=+0.246 lnM=+0.100 Jsc=22.808 Voc=0.8791 FF=70.8% |r|=3.74
  T=280 eval  9 lnS=+0.235 lnM=+0.105 Jsc=22.809 Voc=0.8794 FF=70.9% |r|=3.76
  T=280 eval 10 lnS=+0.467 lnM=+0.209 Jsc=22.804 Voc=0.8733 FF=71.0% |r|=3.43
  T=280 eval 11 lnS=+0.491 lnM=+0.209 Jsc=22.803 Voc=0.8727 FF=70.9% |r|=3.43
  T=280 eval 12 lnS=+0.467 lnM=+0.219 Jsc=22.805 Voc=0.8733 FF=71.1% |r|=3.43
  T=280 eval 13 lnS=+0.531 lnM=+0.238 Jsc=22.803 Voc=0.8716 FF=71.0% |r|=3.42
  T=280 eval 14 lnS=+0.558 lnM=+0.238 Jsc=22.802 Voc=0.8709 FF=70.9% |r|=3.42
  T=280 eval 15 lnS=+0.531 lnM=+0.250 Jsc=22.804 Voc=0.8716 FF=71.2% |r|=3.42
  T=280 eval 16 lnS=+0.532 lnM=+0.238 Jsc=22.803 Voc=0.8716 FF=71.0% |r|=3.42
  T=280 eval 17 lnS=+0.559 lnM=+0.238 Jsc=22.802 Voc=0.8709 FF=70.9% |r|=3.42
  T=280 eval 18 lnS=+0.532 lnM=+0.250 Jsc=22.804 Voc=0.8716 FF=71.2% |r|=3.42
DONE {"tag": "V1_cal_2020", "T": 280.0, "x": [0.5323074639506565, 0.23806026510010028], "beta_scale": 1.702857060045101, "beta": 6.015900590840586e-13, "M": 1.2687856540153621, "Jsc": 22.802890051497652, "Voc": 0.8716061164909605, "FF": 0.7101578236972743, "mu_n_bulk": 0.0007927833548465255, "mu_p_bulk": 0.00010358629217626629, "zeta_eff": 0.001298135090535777, "target": [22.12, 0.872, 0.711], "seconds": 86.87871551513672}
  T=250 eval  1 lnS=+0.312 lnM=+0.250 Jsc=22.817 Voc=0.9199 FF=66.6% |r|=8.23
  T=250 eval  2 lnS=+0.328 lnM=+0.250 Jsc=22.816 Voc=0.9195 FF=66.5% |r|=8.16
  T=250 eval  3 lnS=+0.312 lnM=+0.263 Jsc=22.817 Voc=0.9199 FF=66.7% |r|=8.26
  T=250 eval  4 lnS=+0.722 lnM=+0.306 Jsc=22.803 Voc=0.9098 FF=64.8% |r|=7.12
  T=250 eval  5 lnS=+0.758 lnM=+0.306 Jsc=22.801 Voc=0.9089 FF=64.6% |r|=7.06
  T=250 eval  6 lnS=+0.722 lnM=+0.322 Jsc=22.804 Voc=0.9097 FF=65.0% |r|=7.12
  T=250 eval  7 lnS=+1.197 lnM=+0.506 Jsc=22.792 Voc=0.8980 FF=64.9% |r|=6.66
  T=250 eval  8 lnS=+1.257 lnM=+0.506 Jsc=22.789 Voc=0.8966 FF=64.6% |r|=6.66
  T=250 eval  9 lnS=+1.197 lnM=+0.531 Jsc=22.794 Voc=0.8980 FF=65.3% |r|=6.68
  T=250 eval 10 lnS=+1.238 lnM=+0.516 Jsc=22.791 Voc=0.8970 FF=64.8% |r|=6.66
  T=250 eval 11 lnS=+1.300 lnM=+0.516 Jsc=22.787 Voc=0.8955 FF=64.5% |r|=6.68
  T=250 eval 12 lnS=+1.238 lnM=+0.541 Jsc=22.793 Voc=0.8970 FF=65.2% |r|=6.67
  T=250 eval 13 lnS=+1.240 lnM=+0.516 Jsc=22.791 Voc=0.8970 FF=64.8% |r|=6.66
  T=250 eval 14 lnS=+1.238 lnM=+0.516 Jsc=22.791 Voc=0.8970 FF=64.8% |r|=6.66
  T=250 eval 15 lnS=+1.300 lnM=+0.516 Jsc=22.787 Voc=0.8955 FF=64.5% |r|=6.68
  T=250 eval 16 lnS=+1.238 lnM=+0.541 Jsc=22.793 Voc=0.8970 FF=65.2% |r|=6.67
DONE {"tag": "V1_cal_2020", "T": 250.0, "x": [1.2381840051188833, 0.5155541013260236], "beta_scale": 3.449343782977595, "beta": 5.162659612639622e-13, "M": 1.6745661240852958, "Jsc": 22.790787624350596, "Voc": 0.8970236482873428, "FF": 0.6480981864065792, "mu_n_bulk": 0.0005295747917161966, "mu_p_bulk": 7.198895749851987e-05, "zeta_eff": 0.0016599622626359768, "target": [21.46, 0.898, 0.65], "seconds": 94.39619541168213}
  T=230 eval  1 lnS=+0.612 lnM=+0.490 Jsc=22.812 Voc=0.9420 FF=62.6% |r|=11.70
  T=230 eval  2 lnS=+0.643 lnM=+0.490 Jsc=22.811 Voc=0.9413 FF=62.4% |r|=11.58
  T=230 eval  3 lnS=+0.612 lnM=+0.514 Jsc=22.814 Voc=0.9420 FF=63.0% |r|=11.79
  T=230 eval  4 lnS=+1.392 lnM=+0.662 Jsc=22.787 Voc=0.9234 FF=60.0% |r|=10.01
  T=230 eval  5 lnS=+1.462 lnM=+0.662 Jsc=22.782 Voc=0.9217 FF=59.6% |r|=9.94
  T=230 eval  6 lnS=+1.392 lnM=+0.695 Jsc=22.790 Voc=0.9233 FF=60.5% |r|=10.04
  T=230 eval  7 lnS=+1.815 lnM=+0.820 Jsc=22.774 Voc=0.9134 FF=59.8% |r|=9.78
  T=230 eval  8 lnS=+1.906 lnM=+0.820 Jsc=22.767 Voc=0.9113 FF=59.3% |r|=9.78
  T=230 eval  9 lnS=+1.815 lnM=+0.861 Jsc=22.779 Voc=0.9134 FF=60.4% |r|=9.80
  T=230 eval 10 lnS=+1.869 lnM=+0.834 Jsc=22.772 Voc=0.9121 FF=59.7% |r|=9.77
  T=230 eval 11 lnS=+1.963 lnM=+0.834 Jsc=22.764 Voc=0.9100 FF=59.2% |r|=9.80
  T=230 eval 12 lnS=+1.869 lnM=+0.876 Jsc=22.776 Voc=0.9121 FF=60.3% |r|=9.79
  T=230 eval 13 lnS=+1.874 lnM=+0.836 Jsc=22.771 Voc=0.9120 FF=59.7% |r|=9.77
  T=230 eval 14 lnS=+1.870 lnM=+0.834 Jsc=22.771 Voc=0.9121 FF=59.7% |r|=9.77
DONE {"tag": "V1_cal_2020", "T": 230.0, "x": [1.8690953059366253, 0.8344035199147721], "beta_scale": 6.4824291304946655, "beta": 4.736346613232571e-13, "M": 2.303439682538704, "Jsc": 22.771592349846248, "Voc": 0.9121322543932571, "FF": 0.5972540885277016, "mu_n_bulk": 0.0004006180264961499, "mu_p_bulk": 5.458468344925302e-05, "zeta_eff": 0.0020125423075907463, "target": [20.82, 0.914, 0.601], "seconds": 91.46557760238647}
  T=200 eval  1 lnS=+1.250 lnM=+1.000 Jsc=22.727 Voc=0.9614 FF=51.9% |r|=16.35
  T=200 eval  2 lnS=+1.312 lnM=+1.000 Jsc=22.719 Voc=0.9600 FF=51.5% |r|=16.20
  T=200 eval  3 lnS=+1.250 lnM=+1.050 Jsc=22.741 Voc=0.9614 FF=52.6% |r|=16.49
  T=200 eval  4 lnS=+2.018 lnM=+1.131 Jsc=22.657 Voc=0.9441 FF=49.1% |r|=15.37
  T=200 eval  5 lnS=+2.119 lnM=+1.131 Jsc=22.638 Voc=0.9419 FF=48.5% |r|=15.30
  T=200 eval  6 lnS=+2.018 lnM=+1.188 Jsc=22.679 Voc=0.9441 FF=49.8% |r|=15.44
  T=200 eval  7 lnS=+2.351 lnM=+1.189 Jsc=22.615 Voc=0.9368 FF=48.1% |r|=15.25
  T=200 eval  8 lnS=+2.469 lnM=+1.189 Jsc=22.588 Voc=0.9342 FF=47.5% |r|=15.23
  T=200 eval  9 lnS=+2.351 lnM=+1.248 Jsc=22.641 Voc=0.9367 FF=48.8% |r|=15.29
  T=200 eval 10 lnS=+2.483 lnM=+1.204 Jsc=22.592 Voc=0.9339 FF=47.6% |r|=15.23
  T=200 eval 11 lnS=+2.607 lnM=+1.204 Jsc=22.560 Voc=0.9312 FF=47.0% |r|=15.24
  T=200 eval 12 lnS=+2.483 lnM=+1.264 Jsc=22.620 Voc=0.9338 FF=48.3% |r|=15.26
  T=200 eval 13 lnS=+2.536 lnM=+1.204 Jsc=22.579 Voc=0.9327 FF=47.4% |r|=15.23
  T=200 eval 14 lnS=+2.663 lnM=+1.204 Jsc=22.545 Voc=0.9300 FF=46.8% |r|=15.24
  T=200 eval 15 lnS=+2.536 lnM=+1.264 Jsc=22.609 Voc=0.9327 FF=48.1% |r|=15.26
  T=200 eval 16 lnS=+2.559 lnM=+1.200 Jsc=22.571 Voc=0.9323 FF=47.2% |r|=15.23
  T=200 eval 17 lnS=+2.687 lnM=+1.200 Jsc=22.536 Voc=0.9295 FF=46.6% |r|=15.25
  T=200 eval 18 lnS=+2.559 lnM=+1.260 Jsc=22.601 Voc=0.9322 FF=47.9% |r|=15.25
DONE {"tag": "V1_cal_2020", "T": 200.0, "x": [2.55920501234591, 1.2003313367077517], "beta_scale": 12.92553758715164, "beta": 4.299056095645686e-13, "M": 3.321217181615089, "Jsc": 22.570996818687224, "Voc": 0.932252393112768, "FF": 0.47213015708604766, "mu_n_bulk": 0.00017493643059621577, "mu_p_bulk": 2.66637552303819e-05, "zeta_eff": 0.004124663888058282, "target": [19.6, 0.939, 0.503], "seconds": 117.29777359962463}
  T=175 eval  1 lnS=+1.953 lnM=+1.562 Jsc=22.250 Voc=0.9743 FF=43.3% |r|=27.35
  T=175 eval  2 lnS=+2.051 lnM=+1.562 Jsc=22.203 Voc=0.9722 FF=42.8% |r|=27.02
  T=175 eval  3 lnS=+1.953 lnM=+1.641 Jsc=22.355 Voc=0.9743 FF=44.0% |r|=27.97
  T=175 eval  4 lnS=+2.221 lnM=+0.193 Jsc=17.949 Voc=0.9700 FF=35.9% |r|=6.87
  T=175 eval  5 lnS=+2.332 lnM=+0.193 Jsc=17.797 Voc=0.9677 FF=35.6% |r|=6.34
  T=175 eval  6 lnS=+2.221 lnM=+0.203 Jsc=17.984 Voc=0.9700 FF=35.9% |r|=6.99
  T=175 eval  7 lnS=+2.326 lnM=-0.019 Jsc=17.029 Voc=0.9680 FF=35.0% |r|=4.94
  T=175 eval  8 lnS=+2.442 lnM=-0.019 Jsc=16.856 Voc=0.9656 FF=34.7% |r|=5.03
  T=175 eval  9 lnS=+2.326 lnM=-0.020 Jsc=17.026 Voc=0.9680 FF=35.0% |r|=4.94
  T=175 eval 10 lnS=+2.326 lnM=-0.024 Jsc=17.013 Voc=0.9680 FF=35.0% |r|=4.94
  T=175 eval 11 lnS=+2.442 lnM=-0.024 Jsc=16.839 Voc=0.9656 FF=34.7% |r|=5.05
  T=175 eval 12 lnS=+2.326 lnM=-0.025 Jsc=17.008 Voc=0.9680 FF=35.0% |r|=4.94
  T=175 eval 13 lnS=+2.326 lnM=-0.023 Jsc=17.013 Voc=0.9680 FF=35.0% |r|=4.94
DONE {"tag": "V1_cal_2020", "T": 175.0, "x": [2.326012185665125, -0.02354031779832834], "beta_scale": 10.237036625261846, "beta": 1.5991575307066067e-13, "M": 0.9767345940865952, "Jsc": 17.01254016905359, "Voc": 0.9680406945796454, "FF": 0.3497766762668148, "mu_n_bulk": 1.6864958831149308e-05, "mu_p_bulk": 3.3972298776461355e-06, "zeta_eff": 0.015265508391478744, "target": [16.85, 0.962, 0.397], "seconds": 82.00430512428284}
  T=150 eval  1 lnS=+2.812 lnM=+2.250 Jsc=21.361 Voc=0.9879 FF=37.4% |r|=42.77
  T=150 eval  2 lnS=+2.953 lnM=+2.250 Jsc=21.224 Voc=0.9850 FF=37.0% |r|=42.05
  T=150 eval  3 lnS=+2.812 lnM=+2.362 Jsc=21.585 Voc=0.9878 FF=38.0% |r|=43.94
  T=150 eval  4 lnS=+3.717 lnM=-0.016 Jsc=11.175 Voc=0.9705 FF=26.1% |r|=11.96
  T=150 eval  5 lnS=+3.903 lnM=-0.016 Jsc=10.495 Voc=0.9665 FF=25.6% |r|=15.00
  T=150 eval  6 lnS=+3.717 lnM=-0.017 Jsc=11.171 Voc=0.9705 FF=26.1% |r|=11.98
  T=150 eval  7 lnS=+3.335 lnM=+0.074 Jsc=12.946 Voc=0.9787 FF=27.6% |r|=6.84
  T=150 eval  8 lnS=+3.501 lnM=+0.074 Jsc=12.381 Voc=0.9751 FF=27.1% |r|=7.76
  T=150 eval  9 lnS=+3.335 lnM=+0.078 Jsc=12.964 Voc=0.9787 FF=27.7% |r|=6.83
  T=150 eval 10 lnS=+3.089 lnM=-0.081 Jsc=13.040 Voc=0.9840 FF=27.8% |r|=6.70
  T=150 eval 11 lnS=+3.244 lnM=-0.081 Jsc=12.524 Voc=0.9807 FF=27.3% |r|=7.26
  T=150 eval 12 lnS=+3.089 lnM=-0.086 Jsc=13.021 Voc=0.9840 FF=27.8% |r|=6.70
  T=150 eval 13 lnS=+3.059 lnM=-0.100 Jsc=13.052 Voc=0.9847 FF=27.8% |r|=6.70
  T=150 eval 14 lnS=+3.212 lnM=-0.100 Jsc=12.542 Voc=0.9814 FF=27.3% |r|=7.22
  T=150 eval 15 lnS=+3.059 lnM=-0.105 Jsc=13.029 Voc=0.9847 FF=27.8% |r|=6.70
  T=150 eval 16 lnS=+3.058 lnM=-0.100 Jsc=13.054 Voc=0.9847 FF=27.8% |r|=6.70
  T=150 eval 17 lnS=+3.211 lnM=-0.100 Jsc=12.544 Voc=0.9814 FF=27.3% |r|=7.21
  T=150 eval 18 lnS=+3.058 lnM=-0.106 Jsc=13.031 Voc=0.9847 FF=27.8% |r|=6.70
DONE {"tag": "V1_cal_2020", "T": 150.0, "x": [3.058286039725565, -0.1004855270241074], "beta_scale": 21.291033884964513, "beta": 1.2142377560408788e-13, "M": 0.9043982016514199, "Jsc": 13.053597937639752, "Voc": 0.984685213850886, "FF": 0.2780414824653895, "mu_n_bulk": 4.037848132410561e-06, "mu_p_bulk": 1.2210714966164515e-06, "zeta_eff": 0.044659471544412195, "target": [12.83, 0.983, 0.344], "seconds": 88.39811611175537}
  T=125 eval  1 lnS=+3.828 lnM=+3.062 Jsc=21.238 Voc=1.0048 FF=35.8% |r|=63.18
  T=125 eval  2 lnS=+4.020 lnM=+3.062 Jsc=20.938 Voc=1.0009 FF=34.9% |r|=61.61
  T=125 eval  3 lnS=+3.828 lnM=+3.216 Jsc=21.495 Voc=1.0047 FF=36.5% |r|=64.53
  T=125 eval  4 lnS=+5.218 lnM=+0.010 Jsc=3.436 Voc=0.9738 FF=16.8% |r|=29.73
  T=125 eval  5 lnS=+5.479 lnM=+0.010 Jsc=2.788 Voc=0.9683 FF=16.4% |r|=32.98
  T=125 eval  6 lnS=+5.218 lnM=+0.010 Jsc=3.438 Voc=0.9738 FF=16.8% |r|=29.72
  T=125 eval  7 lnS=+4.099 lnM=+0.817 Jsc=10.826 Voc=0.9993 FF=24.8% |r|=11.93
  T=125 eval  8 lnS=+4.304 lnM=+0.817 Jsc=9.958 Voc=0.9947 FF=23.5% |r|=9.11
  T=125 eval  9 lnS=+4.099 lnM=+0.858 Jsc=11.037 Voc=0.9993 FF=24.9% |r|=12.82
  T=125 eval 10 lnS=+3.970 lnM=+0.354 Jsc=9.085 Voc=1.0019 FF=23.4% |r|=6.64
  T=125 eval 11 lnS=+4.169 lnM=+0.354 Jsc=8.305 Voc=0.9973 FF=22.2% |r|=7.80
  T=125 eval 12 lnS=+3.970 lnM=+0.372 Jsc=9.167 Voc=1.0019 FF=23.5% |r|=6.71
  T=125 eval 13 lnS=+3.404 lnM=-0.165 Jsc=8.893 Voc=1.0145 FF=24.6% |r|=5.69
  T=125 eval 14 lnS=+3.575 lnM=-0.165 Jsc=8.271 Voc=1.0105 FF=23.5% |r|=6.71
  T=125 eval 15 lnS=+3.404 lnM=-0.174 Jsc=8.857 Voc=1.0145 FF=24.6% |r|=5.69
  T=125 eval 16 lnS=+3.286 lnM=-0.269 Jsc=8.874 Voc=1.0172 FF=24.9% |r|=5.64
  T=125 eval 17 lnS=+3.450 lnM=-0.269 Jsc=8.282 Voc=1.0134 FF=23.8% |r|=6.54
  T=125 eval 18 lnS=+3.286 lnM=-0.282 Jsc=8.816 Voc=1.0172 FF=24.9% |r|=5.65
  T=125 eval 19 lnS=+3.269 lnM=-0.282 Jsc=8.875 Voc=1.0176 FF=25.0% |r|=5.64
  T=125 eval 20 lnS=+3.433 lnM=-0.282 Jsc=8.287 Voc=1.0138 FF=23.8% |r|=6.51
  T=125 eval 21 lnS=+3.269 lnM=-0.296 Jsc=8.814 Voc=1.0176 FF=24.9% |r|=5.65
  T=125 eval 22 lnS=+3.267 lnM=-0.285 Jsc=8.875 Voc=1.0176 FF=25.0% |r|=5.64
  T=125 eval 23 lnS=+3.430 lnM=-0.285 Jsc=8.287 Voc=1.0138 FF=23.9% |r|=6.51
  T=125 eval 24 lnS=+3.267 lnM=-0.299 Jsc=8.813 Voc=1.0176 FF=24.9% |r|=5.65
DONE {"tag": "V1_cal_2020", "T": 125.0, "x": [3.266855856293964, -0.2845101217626008], "beta_scale": 26.228742627288156, "beta": 3.649475404363975e-14, "M": 0.7523827399859729, "Jsc": 8.874899616295801, "Voc": 1.0176354139546333, "FF": 0.25002898166443527, "mu_n_bulk": 7.185475067803705e-07, "mu_p_bulk": 7.63020482435204e-07, "zeta_eff": 0.047644770079641095, "target": [8.66, 1.003, 0.297], "seconds": 102.888827085495}
  T=100 eval  1 lnS=+5.000 lnM=+4.000 Jsc=16.719 Voc=1.0309 FF=46.1% |r|=59.76
  T=100 eval  2 lnS=+5.250 lnM=+4.000 Jsc=15.827 Voc=1.0254 FF=43.5% |r|=54.67
  T=100 eval  3 lnS=+5.000 lnM=+4.200 Jsc=17.543 Voc=1.0309 FF=47.6% |r|=64.15
  T=100 eval  4 lnS=+5.661 lnM=+2.280 Jsc=8.102 Voc=1.0156 FF=30.8% |r|=14.07
  T=100 eval  5 lnS=+5.944 lnM=+2.280 Jsc=7.489 Voc=1.0092 FF=28.5% |r|=10.63
  T=100 eval  6 lnS=+5.661 lnM=+2.394 Jsc=8.415 Voc=1.0157 FF=31.4% |r|=15.72
  T=100 eval  7 lnS=+5.797 lnM=+1.512 Jsc=6.040 Voc=1.0121 FF=26.0% |r|=3.26
  T=100 eval  8 lnS=+6.087 lnM=+1.512 Jsc=5.522 Voc=1.0056 FF=23.6% |r|=3.65
  T=100 eval  9 lnS=+5.797 lnM=+1.587 Jsc=6.195 Voc=1.0121 FF=26.4% |r|=3.97
  T=100 eval 10 lnS=+5.539 lnM=+1.031 Jsc=5.553 Voc=1.0177 FF=25.8% |r|=0.73
  T=100 eval 11 lnS=+5.816 lnM=+1.031 Jsc=5.097 Voc=1.0114 FF=23.5% |r|=3.46
  T=100 eval 12 lnS=+5.539 lnM=+1.082 Jsc=5.648 Voc=1.0177 FF=26.0% |r|=1.08
  T=100 eval 13 lnS=+5.448 lnM=+0.903 Jsc=5.470 Voc=1.0197 FF=25.9% |r|=0.43
  T=100 eval 14 lnS=+5.720 lnM=+0.903 Jsc=5.032 Voc=1.0135 FF=23.7% |r|=3.36
  T=100 eval 15 lnS=+5.448 lnM=+0.949 Jsc=5.552 Voc=1.0198 FF=26.1% |r|=0.64
  T=100 eval 16 lnS=+5.446 lnM=+0.900 Jsc=5.466 Voc=1.0198 FF=25.9% |r|=0.43
  T=100 eval 17 lnS=+5.718 lnM=+0.900 Jsc=5.028 Voc=1.0136 FF=23.7% |r|=3.37
  T=100 eval 18 lnS=+5.446 lnM=+0.945 Jsc=5.548 Voc=1.0198 FF=26.1% |r|=0.62
DONE {"tag": "V1_cal_2020", "T": 100.0, "x": [5.4459641281900355, 0.8995697520147962], "beta_scale": 231.82067685266608, "beta": 3.8870857435462554e-14, "M": 2.4585450994939873, "Jsc": 5.465920571844198, "Voc": 1.019765640320748, "FF": 0.25907930891144243, "mu_n_bulk": 1.68697169678001e-07, "mu_p_bulk": 9.56505366928388e-07, "zeta_eff": 0.06681897335498094, "target": [5.5, 1.021, 0.256], "seconds": 221.1574785709381}
