  T=280 eval  1 lnS=+0.595 lnM=+0.247 lnG=-0.030 Jsc=22.120 Voc=0.8704 FF=71.2% |r|=0.32
  T=280 eval  2 lnS=+0.625 lnM=+0.247 lnG=-0.030 Jsc=22.118 Voc=0.8697 FF=71.0% |r|=0.47
  T=280 eval  3 lnS=+0.595 lnM=+0.259 lnG=-0.030 Jsc=22.122 Voc=0.8704 FF=71.3% |r|=0.39
  T=280 eval  4 lnS=+0.595 lnM=+0.247 lnG=-0.032 Jsc=22.087 Voc=0.8704 FF=71.2% |r|=0.37
  T=280 eval  5 lnS=+0.534 lnM=+0.216 lnG=-0.030 Jsc=22.120 Voc=0.8720 FF=71.1% |r|=0.00
  T=280 eval  6 lnS=+0.561 lnM=+0.216 lnG=-0.030 Jsc=22.118 Voc=0.8713 FF=71.0% |r|=0.19
  T=280 eval  7 lnS=+0.534 lnM=+0.227 lnG=-0.030 Jsc=22.121 Voc=0.8720 FF=71.2% |r|=0.13
  T=280 eval  8 lnS=+0.534 lnM=+0.216 lnG=-0.032 Jsc=22.086 Voc=0.8720 FF=71.1% |r|=0.17
  T=280 eval  9 lnS=+0.534 lnM=+0.216 lnG=-0.030 Jsc=22.120 Voc=0.8720 FF=71.1% |r|=0.00
  T=280 eval 10 lnS=+0.561 lnM=+0.216 lnG=-0.030 Jsc=22.118 Voc=0.8713 FF=71.0% |r|=0.18
  T=280 eval 11 lnS=+0.534 lnM=+0.227 lnG=-0.030 Jsc=22.121 Voc=0.8720 FF=71.2% |r|=0.13
  T=280 eval 12 lnS=+0.534 lnM=+0.216 lnG=-0.032 Jsc=22.086 Voc=0.8720 FF=71.1% |r|=0.17
DONE {"tag": "V1_one_2020", "T": 280.0, "x": [0.5339135080618241, 0.21617245519432088, -0.030433975107421633], "beta_scale": 1.7055941209304788, "beta": 1.544349809470064e-12, "G": 1.2597404945159173e+22, "G_ratio": 0.9700244757147573, "M": 1.2413164320093604, "Jsc": 22.119956117291835, "Voc": 0.872009067945019, "FF": 0.7109802404942177, "mu_n_bulk": 0.0009088392248975359, "mu_p_bulk": 0.0001414583542625738, "zeta_eff": 0.002844066159565827, "target": [22.12, 0.872, 0.711], "seconds": 57.10455369949341}
  T=250 eval  1 lnS=+1.409 lnM=+0.536 lnG=-0.059 Jsc=21.461 Voc=0.8945 FF=65.2% |r|=0.74
  T=250 eval  2 lnS=+1.479 lnM=+0.536 lnG=-0.059 Jsc=21.454 Voc=0.8928 FF=64.9% |r|=1.05
  T=250 eval  3 lnS=+1.409 lnM=+0.563 lnG=-0.059 Jsc=21.465 Voc=0.8944 FF=65.6% |r|=0.91
  T=250 eval  4 lnS=+1.409 lnM=+0.536 lnG=-0.062 Jsc=21.398 Voc=0.8944 FF=65.2% |r|=0.82
  T=250 eval  5 lnS=+1.261 lnM=+0.468 lnG=-0.060 Jsc=21.459 Voc=0.8980 FF=65.0% |r|=0.01
  T=250 eval  6 lnS=+1.324 lnM=+0.468 lnG=-0.060 Jsc=21.453 Voc=0.8965 FF=64.7% |r|=0.44
  T=250 eval  7 lnS=+1.261 lnM=+0.492 lnG=-0.060 Jsc=21.462 Voc=0.8980 FF=65.3% |r|=0.32
  T=250 eval  8 lnS=+1.261 lnM=+0.468 lnG=-0.063 Jsc=21.395 Voc=0.8979 FF=65.0% |r|=0.33
  T=250 eval  9 lnS=+1.260 lnM=+0.467 lnG=-0.060 Jsc=21.460 Voc=0.8980 FF=65.0% |r|=0.01
  T=250 eval 10 lnS=+1.323 lnM=+0.467 lnG=-0.060 Jsc=21.454 Voc=0.8965 FF=64.7% |r|=0.43
  T=250 eval 11 lnS=+1.260 lnM=+0.491 lnG=-0.060 Jsc=21.463 Voc=0.8980 FF=65.3% |r|=0.32
  T=250 eval 12 lnS=+1.260 lnM=+0.467 lnG=-0.063 Jsc=21.396 Voc=0.8979 FF=65.0% |r|=0.32
  T=250 eval 13 lnS=+1.260 lnM=+0.467 lnG=-0.060 Jsc=21.460 Voc=0.8980 FF=65.0% |r|=0.01
  T=250 eval 14 lnS=+1.323 lnM=+0.467 lnG=-0.060 Jsc=21.454 Voc=0.8965 FF=64.7% |r|=0.43
  T=250 eval 15 lnS=+1.260 lnM=+0.491 lnG=-0.060 Jsc=21.463 Voc=0.8980 FF=65.3% |r|=0.32
  T=250 eval 16 lnS=+1.260 lnM=+0.467 lnG=-0.063 Jsc=21.396 Voc=0.8979 FF=65.0% |r|=0.32
DONE {"tag": "V1_one_2020", "T": 250.0, "x": [1.2596052734304388, 0.46741291379835154, -0.05980655336330633], "beta_scale": 3.5240301844455963, "beta": 1.3518364803362425e-12, "G": 1.223276806074334e+22, "G_ratio": 0.9419467323881326, "M": 1.5958602200955092, "Jsc": 21.45990289850295, "Voc": 0.8980197339325063, "FF": 0.649963087781773, "mu_n_bulk": 0.0005900937758508503, "mu_p_bulk": 9.532132110435923e-05, "zeta_eff": 0.003814844821002536, "target": [21.46, 0.898, 0.65], "seconds": 75.67766690254211}
  T=230 eval  1 lnS=+2.155 lnM=+0.872 lnG=-0.088 Jsc=20.824 Voc=0.9076 FF=60.3% |r|=1.29
  T=230 eval  2 lnS=+2.263 lnM=+0.872 lnG=-0.088 Jsc=20.809 Voc=0.9052 FF=59.8% |r|=1.79
  T=230 eval  3 lnS=+2.155 lnM=+0.916 lnG=-0.088 Jsc=20.831 Voc=0.9076 FF=60.9% |r|=1.50
  T=230 eval  4 lnS=+2.155 lnM=+0.872 lnG=-0.092 Jsc=20.732 Voc=0.9075 FF=60.3% |r|=1.38
  T=230 eval  5 lnS=+1.876 lnM=+0.765 lnG=-0.089 Jsc=20.816 Voc=0.9139 FF=60.1% |r|=0.03
  T=230 eval  6 lnS=+1.970 lnM=+0.765 lnG=-0.089 Jsc=20.805 Voc=0.9118 FF=59.7% |r|=0.63
  T=230 eval  7 lnS=+1.876 lnM=+0.804 lnG=-0.089 Jsc=20.822 Voc=0.9139 FF=60.7% |r|=0.56
  T=230 eval  8 lnS=+1.876 lnM=+0.765 lnG=-0.093 Jsc=20.724 Voc=0.9138 FF=60.2% |r|=0.48
  T=230 eval  9 lnS=+1.871 lnM=+0.762 lnG=-0.089 Jsc=20.820 Voc=0.9140 FF=60.1% |r|=0.01
  T=230 eval 10 lnS=+1.964 lnM=+0.762 lnG=-0.089 Jsc=20.808 Voc=0.9119 FF=59.6% |r|=0.62
  T=230 eval 11 lnS=+1.871 lnM=+0.800 lnG=-0.089 Jsc=20.826 Voc=0.9140 FF=60.6% |r|=0.53
  T=230 eval 12 lnS=+1.871 lnM=+0.762 lnG=-0.093 Jsc=20.728 Voc=0.9139 FF=60.1% |r|=0.46
  T=230 eval 13 lnS=+1.871 lnM=+0.762 lnG=-0.089 Jsc=20.820 Voc=0.9140 FF=60.1% |r|=0.01
  T=230 eval 14 lnS=+1.964 lnM=+0.762 lnG=-0.089 Jsc=20.808 Voc=0.9119 FF=59.6% |r|=0.62
  T=230 eval 15 lnS=+1.871 lnM=+0.800 lnG=-0.089 Jsc=20.826 Voc=0.9140 FF=60.6% |r|=0.53
  T=230 eval 16 lnS=+1.871 lnM=+0.762 lnG=-0.093 Jsc=20.728 Voc=0.9139 FF=60.1% |r|=0.46
DONE {"tag": "V1_one_2020", "T": 230.0, "x": [1.8707768647080787, 0.7617745733881819, -0.08888094769046552], "beta_scale": 6.493338886186325, "beta": 1.2159656327174879e-12, "G": 1.188222829694599e+22, "G_ratio": 0.9149544945363708, "M": 2.1420741174010165, "Jsc": 20.81983723327054, "Voc": 0.9140326000793662, "FF": 0.6009412531189704, "mu_n_bulk": 0.0004347305623056448, "mu_p_bulk": 6.993276136053262e-05, "zeta_eff": 0.004660429443811703, "target": [20.82, 0.914, 0.601], "seconds": 97.08490633964539}
  T=200 eval  1 lnS=+2.363 lnM=+0.464 lnG=-0.142 Jsc=19.082 Voc=0.9394 FF=41.7% |r|=8.96
  T=200 eval  2 lnS=+2.481 lnM=+0.464 lnG=-0.142 Jsc=19.006 Voc=0.9369 FF=41.3% |r|=9.45
  T=200 eval  3 lnS=+2.363 lnM=+0.487 lnG=-0.142 Jsc=19.113 Voc=0.9393 FF=41.9% |r|=8.71
  T=200 eval  4 lnS=+2.363 lnM=+0.464 lnG=-0.150 Jsc=18.952 Voc=0.9392 FF=41.8% |r|=9.13
  T=200 eval  5 lnS=+2.184 lnM=+1.201 lnG=-0.173 Jsc=19.072 Voc=0.9417 FF=50.9% |r|=2.75
  T=200 eval  6 lnS=+2.293 lnM=+1.201 lnG=-0.173 Jsc=19.051 Voc=0.9394 FF=50.4% |r|=2.75
  T=200 eval  7 lnS=+2.184 lnM=+1.261 lnG=-0.173 Jsc=19.087 Voc=0.9416 FF=51.6% |r|=2.93
  T=200 eval  8 lnS=+2.184 lnM=+1.201 lnG=-0.181 Jsc=18.909 Voc=0.9415 FF=50.9% |r|=3.55
  T=200 eval  9 lnS=+2.329 lnM=+1.225 lnG=-0.145 Jsc=19.578 Voc=0.9392 FF=50.3% |r|=0.12
  T=200 eval 10 lnS=+2.446 lnM=+1.225 lnG=-0.145 Jsc=19.553 Voc=0.9368 FF=49.8% |r|=0.71
  T=200 eval 11 lnS=+2.329 lnM=+1.286 lnG=-0.145 Jsc=19.596 Voc=0.9391 FF=51.1% |r|=0.77
  T=200 eval 12 lnS=+2.329 lnM=+1.225 lnG=-0.152 Jsc=19.437 Voc=0.9390 FF=50.4% |r|=0.82
  T=200 eval 13 lnS=+2.337 lnM=+1.227 lnG=-0.144 Jsc=19.600 Voc=0.9391 FF=50.3% |r|=0.02
  T=200 eval 14 lnS=+2.454 lnM=+1.227 lnG=-0.144 Jsc=19.575 Voc=0.9366 FF=49.8% |r|=0.71
  T=200 eval 15 lnS=+2.337 lnM=+1.289 lnG=-0.144 Jsc=19.618 Voc=0.9390 FF=51.1% |r|=0.76
  T=200 eval 16 lnS=+2.337 lnM=+1.227 lnG=-0.151 Jsc=19.460 Voc=0.9389 FF=50.3% |r|=0.70
  T=200 eval 17 lnS=+2.337 lnM=+1.227 lnG=-0.144 Jsc=19.600 Voc=0.9391 FF=50.3% |r|=0.02
  T=200 eval 18 lnS=+2.454 lnM=+1.227 lnG=-0.144 Jsc=19.574 Voc=0.9366 FF=49.8% |r|=0.71
  T=200 eval 19 lnS=+2.337 lnM=+1.289 lnG=-0.144 Jsc=19.618 Voc=0.9390 FF=51.1% |r|=0.76
  T=200 eval 20 lnS=+2.337 lnM=+1.227 lnG=-0.151 Jsc=19.460 Voc=0.9389 FF=50.3% |r|=0.70
DONE {"tag": "V1_one_2020", "T": 200.0, "x": [2.336827447678513, 1.2274616154702092, -0.14395564197042526], "beta_scale": 10.348353735400645, "beta": 8.821517384451521e-13, "G": 1.1245512600814042e+22, "G_ratio": 0.8659261579854298, "M": 3.4125561530100312, "Jsc": 19.599722942126128, "Voc": 0.9390556138220815, "FF": 0.5028947249572232, "mu_n_bulk": 0.00020629667243445604, "mu_p_bulk": 3.582283570908147e-05, "zeta_eff": 0.007047253465017451, "target": [19.6, 0.939, 0.503], "seconds": 106.24567794799805}
  T=175 eval  1 lnS=+2.571 lnM=+0.056 lnG=-0.014 Jsc=16.882 Voc=0.9682 FF=32.9% |r|=6.94
  T=175 eval  2 lnS=+2.699 lnM=+0.056 lnG=-0.014 Jsc=16.619 Voc=0.9655 FF=32.6% |r|=7.28
  T=175 eval  3 lnS=+2.571 lnM=+0.059 lnG=-0.014 Jsc=16.894 Voc=0.9682 FF=32.9% |r|=6.93
  T=175 eval  4 lnS=+2.571 lnM=+0.056 lnG=-0.014 Jsc=16.872 Voc=0.9681 FF=32.9% |r|=6.94
  T=175 eval  5 lnS=+2.280 lnM=+1.270 lnG=-0.424 Jsc=14.501 Voc=0.9641 FF=41.0% |r|=11.83
  T=175 eval  6 lnS=+2.449 lnM=+0.352 lnG=-0.115 Jsc=16.796 Voc=0.9682 FF=34.4% |r|=5.44
  T=175 eval  7 lnS=+2.571 lnM=+0.352 lnG=-0.115 Jsc=16.607 Voc=0.9657 FF=34.1% |r|=5.76
  T=175 eval  8 lnS=+2.449 lnM=+0.369 lnG=-0.115 Jsc=16.860 Voc=0.9682 FF=34.5% |r|=5.36
  T=175 eval  9 lnS=+2.449 lnM=+0.352 lnG=-0.121 Jsc=16.712 Voc=0.9681 FF=34.4% |r|=5.46
  T=175 eval 10 lnS=+2.390 lnM=+0.842 lnG=-0.232 Jsc=16.602 Voc=0.9664 FF=37.0% |r|=3.12
  T=175 eval 11 lnS=+2.510 lnM=+0.842 lnG=-0.232 Jsc=16.485 Voc=0.9640 FF=36.7% |r|=3.57
  T=175 eval 12 lnS=+2.390 lnM=+0.884 lnG=-0.232 Jsc=16.699 Voc=0.9664 FF=37.2% |r|=2.75
  T=175 eval 13 lnS=+2.390 lnM=+0.842 lnG=-0.243 Jsc=16.427 Voc=0.9662 FF=37.0% |r|=3.53
  T=175 eval 14 lnS=+2.485 lnM=+1.284 lnG=-0.276 Jsc=16.637 Voc=0.9631 FF=39.7% |r|=1.09
  T=175 eval 15 lnS=+2.609 lnM=+1.284 lnG=-0.276 Jsc=16.561 Voc=0.9606 FF=39.4% |r|=1.51
  T=175 eval 16 lnS=+2.485 lnM=+1.348 lnG=-0.276 Jsc=16.714 Voc=0.9631 FF=40.2% |r|=0.89
  T=175 eval 17 lnS=+2.485 lnM=+1.284 lnG=-0.289 Jsc=16.419 Voc=0.9628 FF=39.8% |r|=2.17
  T=175 eval 18 lnS=+2.548 lnM=+1.312 lnG=-0.262 Jsc=16.851 Voc=0.9621 FF=39.7% |r|=0.03
  T=175 eval 19 lnS=+2.675 lnM=+1.312 lnG=-0.262 Jsc=16.771 Voc=0.9596 FF=39.3% |r|=0.74
  T=175 eval 20 lnS=+2.548 lnM=+1.377 lnG=-0.262 Jsc=16.930 Voc=0.9620 FF=40.2% |r|=0.65
  T=175 eval 21 lnS=+2.548 lnM=+1.312 lnG=-0.275 Jsc=16.640 Voc=0.9618 FF=39.8% |r|=1.05
  T=175 eval 22 lnS=+2.550 lnM=+1.311 lnG=-0.262 Jsc=16.850 Voc=0.9621 FF=39.7% |r|=0.02
  T=175 eval 23 lnS=+2.677 lnM=+1.311 lnG=-0.262 Jsc=16.769 Voc=0.9595 FF=39.3% |r|=0.76
  T=175 eval 24 lnS=+2.550 lnM=+1.377 lnG=-0.262 Jsc=16.929 Voc=0.9620 FF=40.2% |r|=0.64
  T=175 eval 25 lnS=+2.550 lnM=+1.311 lnG=-0.275 Jsc=16.639 Voc=0.9618 FF=39.7% |r|=1.06
DONE {"tag": "V1_one_2020", "T": 175.0, "x": [2.5499910946659523, 1.3113932934738277, -0.2621257904458198], "beta_scale": 12.806989731633497, "beta": 5.127569828212167e-13, "G": 9.992142365534976e+21, "G_ratio": 0.7694142326606624, "M": 3.7113410988634037, "Jsc": 16.849711385328508, "Voc": 0.9620704915751326, "FF": 0.3968304863466657, "mu_n_bulk": 5.782801406890014e-05, "mu_p_bulk": 1.3571179758389491e-05, "zeta_eff": 0.013890716755118227, "target": [16.85, 0.962, 0.397], "seconds": 123.29202723503113}
  T=150 eval  1 lnS=+3.317 lnM=+0.404 lnG=-0.018 Jsc=12.859 Voc=0.9841 FF=26.6% |r|=7.81
  T=150 eval  2 lnS=+3.483 lnM=+0.404 lnG=-0.018 Jsc=12.231 Voc=0.9806 FF=26.1% |r|=8.85
  T=150 eval  3 lnS=+3.317 lnM=+0.425 lnG=-0.018 Jsc=12.966 Voc=0.9841 FF=26.7% |r|=7.75
  T=150 eval  4 lnS=+3.317 lnM=+0.404 lnG=-0.019 Jsc=12.848 Voc=0.9841 FF=26.6% |r|=7.80
  T=150 eval  5 lnS=+2.696 lnM=+1.283 lnG=-0.639 Jsc=10.474 Voc=0.9837 FF=33.0% |r|=11.86
  T=150 eval  6 lnS=+3.135 lnM=+0.626 lnG=-0.172 Jsc=12.769 Voc=0.9848 FF=28.2% |r|=6.18
  T=150 eval  7 lnS=+3.292 lnM=+0.626 lnG=-0.172 Jsc=12.307 Voc=0.9815 FF=27.8% |r|=7.15
  T=150 eval  8 lnS=+3.135 lnM=+0.657 lnG=-0.172 Jsc=12.901 Voc=0.9848 FF=28.4% |r|=6.05
  T=150 eval  9 lnS=+3.135 lnM=+0.626 lnG=-0.181 Jsc=12.671 Voc=0.9846 FF=28.2% |r|=6.21
  T=150 eval 10 lnS=+2.935 lnM=+1.011 lnG=-0.351 Jsc=12.566 Voc=0.9850 FF=30.7% |r|=3.97
  T=150 eval 11 lnS=+3.082 lnM=+1.011 lnG=-0.351 Jsc=12.282 Voc=0.9821 FF=30.2% |r|=4.98
  T=150 eval 12 lnS=+2.935 lnM=+1.061 lnG=-0.351 Jsc=12.715 Voc=0.9850 FF=30.9% |r|=3.57
  T=150 eval 13 lnS=+2.935 lnM=+1.011 lnG=-0.369 Jsc=12.366 Voc=0.9847 FF=30.7% |r|=4.38
  T=150 eval 14 lnS=+2.817 lnM=+1.498 lnG=-0.471 Jsc=12.541 Voc=0.9846 FF=33.4% |r|=1.78
  T=150 eval 15 lnS=+2.957 lnM=+1.498 lnG=-0.471 Jsc=12.373 Voc=0.9818 FF=33.0% |r|=2.69
  T=150 eval 16 lnS=+2.817 lnM=+1.573 lnG=-0.471 Jsc=12.683 Voc=0.9846 FF=33.8% |r|=1.02
  T=150 eval 17 lnS=+2.817 lnM=+1.498 lnG=-0.495 Jsc=12.267 Voc=0.9842 FF=33.5% |r|=2.98
  T=150 eval 18 lnS=+2.860 lnM=+1.700 lnG=-0.475 Jsc=12.819 Voc=0.9835 FF=34.3% |r|=0.16
  T=150 eval 19 lnS=+3.003 lnM=+1.700 lnG=-0.475 Jsc=12.669 Voc=0.9807 FF=33.9% |r|=1.07
  T=150 eval 20 lnS=+2.860 lnM=+1.785 lnG=-0.475 Jsc=12.958 Voc=0.9835 FF=34.7% |r|=0.73
  T=150 eval 21 lnS=+2.860 lnM=+1.700 lnG=-0.499 Jsc=12.534 Voc=0.9831 FF=34.3% |r|=1.48
  T=150 eval 22 lnS=+2.879 lnM=+1.724 lnG=-0.476 Jsc=12.831 Voc=0.9831 FF=34.4% |r|=0.04
  T=150 eval 23 lnS=+3.023 lnM=+1.724 lnG=-0.476 Jsc=12.683 Voc=0.9803 FF=33.9% |r|=1.03
  T=150 eval 24 lnS=+2.879 lnM=+1.810 lnG=-0.476 Jsc=12.971 Voc=0.9831 FF=34.8% |r|=0.82
  T=150 eval 25 lnS=+2.879 lnM=+1.724 lnG=-0.499 Jsc=12.546 Voc=0.9826 FF=34.4% |r|=1.42
  T=150 eval 26 lnS=+2.879 lnM=+1.724 lnG=-0.476 Jsc=12.829 Voc=0.9831 FF=34.4% |r|=0.04
  T=150 eval 27 lnS=+3.023 lnM=+1.724 lnG=-0.476 Jsc=12.681 Voc=0.9803 FF=33.9% |r|=1.03
  T=150 eval 28 lnS=+2.879 lnM=+1.810 lnG=-0.476 Jsc=12.969 Voc=0.9831 FF=34.8% |r|=0.82
  T=150 eval 29 lnS=+2.879 lnM=+1.724 lnG=-0.500 Jsc=12.544 Voc=0.9826 FF=34.4% |r|=1.43
DONE {"tag": "V1_one_2020", "T": 150.0, "x": [2.8786134967230215, 1.724022330940537, -0.47586571231067654], "beta_scale": 17.789590746562936, "beta": 2.6002821246287106e-13, "G": 8.069238361315866e+21, "G_ratio": 0.6213469158868837, "M": 5.607036522989953, "Jsc": 12.829387425227994, "Voc": 0.9831340423262784, "FF": 0.34369418177092653, "mu_n_bulk": 1.5115025627322001e-05, "mu_p_bulk": 5.941134909527005e-06, "zeta_eff": 0.02388623319418276, "target": [12.83, 0.983, 0.344], "seconds": 136.43608045578003}
  T=125 eval  1 lnS=+3.379 lnM=+0.372 lnG=-0.032 Jsc=8.683 Voc=1.0189 FF=23.0% |r|=7.46
  T=125 eval  2 lnS=+3.548 lnM=+0.372 lnG=-0.032 Jsc=8.053 Voc=1.0151 FF=21.9% |r|=8.71
  T=125 eval  3 lnS=+3.379 lnM=+0.391 lnG=-0.032 Jsc=8.767 Voc=1.0189 FF=23.0% |r|=7.40
  T=125 eval  4 lnS=+3.379 lnM=+0.372 lnG=-0.033 Jsc=8.671 Voc=1.0188 FF=22.9% |r|=7.46
  T=125 eval  5 lnS=+3.179 lnM=+1.328 lnG=-0.666 Jsc=7.985 Voc=1.0104 FF=27.9% |r|=4.08
  T=125 eval  6 lnS=+3.338 lnM=+1.328 lnG=-0.666 Jsc=7.637 Voc=1.0070 FF=27.0% |r|=5.84
  T=125 eval  7 lnS=+3.179 lnM=+1.394 lnG=-0.666 Jsc=8.167 Voc=1.0104 FF=28.3% |r|=3.21
  T=125 eval  8 lnS=+3.179 lnM=+1.328 lnG=-0.699 Jsc=7.744 Voc=1.0097 FF=27.9% |r|=5.10
  T=125 eval  9 lnS=+3.298 lnM=+1.717 lnG=-0.685 Jsc=8.618 Voc=1.0076 FF=29.2% |r|=1.05
  T=125 eval 10 lnS=+3.463 lnM=+1.717 lnG=-0.685 Jsc=8.292 Voc=1.0041 FF=28.2% |r|=2.37
  T=125 eval 11 lnS=+3.298 lnM=+1.803 lnG=-0.685 Jsc=8.826 Voc=1.0076 FF=29.7% |r|=1.24
  T=125 eval 12 lnS=+3.298 lnM=+1.717 lnG=-0.719 Jsc=8.346 Voc=1.0069 FF=29.2% |r|=1.82
  T=125 eval 13 lnS=+3.459 lnM=+1.977 lnG=-0.719 Jsc=8.656 Voc=1.0035 FF=29.7% |r|=0.11
  T=125 eval 14 lnS=+3.631 lnM=+1.977 lnG=-0.719 Jsc=8.342 Voc=0.9999 FF=28.6% |r|=2.01
  T=125 eval 15 lnS=+3.459 lnM=+2.076 lnG=-0.719 Jsc=8.871 Voc=1.0036 FF=30.2% |r|=1.19
  T=125 eval 16 lnS=+3.459 lnM=+1.977 lnG=-0.755 Jsc=8.367 Voc=1.0028 FF=29.7% |r|=1.46
  T=125 eval 17 lnS=+3.471 lnM=+1.991 lnG=-0.719 Jsc=8.661 Voc=1.0033 FF=29.7% |r|=0.06
  T=125 eval 18 lnS=+3.645 lnM=+1.991 lnG=-0.719 Jsc=8.346 Voc=0.9996 FF=28.6% |r|=2.02
  T=125 eval 19 lnS=+3.471 lnM=+2.090 lnG=-0.719 Jsc=8.876 Voc=1.0033 FF=30.2% |r|=1.21
  T=125 eval 20 lnS=+3.471 lnM=+1.991 lnG=-0.755 Jsc=8.371 Voc=1.0025 FF=29.7% |r|=1.45
  T=125 eval 21 lnS=+3.471 lnM=+1.991 lnG=-0.720 Jsc=8.659 Voc=1.0033 FF=29.7% |r|=0.06
  T=125 eval 22 lnS=+3.645 lnM=+1.991 lnG=-0.720 Jsc=8.344 Voc=0.9996 FF=28.6% |r|=2.02
  T=125 eval 23 lnS=+3.471 lnM=+2.090 lnG=-0.720 Jsc=8.874 Voc=1.0033 FF=30.2% |r|=1.20
  T=125 eval 24 lnS=+3.471 lnM=+1.991 lnG=-0.756 Jsc=8.369 Voc=1.0025 FF=29.7% |r|=1.46
DONE {"tag": "V1_one_2020", "T": 125.0, "x": [3.471196982643785, 1.9908089645811489, -0.7196889357659759], "beta_scale": 32.175232599115056, "beta": 1.1474194205786706e-13, "G": 6.323266180362047e+21, "G_ratio": 0.4869036907293805, "M": 7.321454164390397, "Jsc": 8.658919779214541, "Voc": 1.0032646373216072, "FF": 0.2967075801926485, "mu_n_bulk": 2.8864911403202143e-06, "mu_p_bulk": 2.343794779532988e-06, "zeta_eff": 0.042432942222025025, "target": [8.66, 1.003, 0.297], "seconds": 93.35402870178223}
  T=100 eval  1 lnS=+5.296 lnM=+1.440 lnG=-0.027 Jsc=5.505 Voc=1.0274 FF=23.9% |r|=2.15
  T=100 eval  2 lnS=+5.561 lnM=+1.440 lnG=-0.027 Jsc=5.053 Voc=1.0216 FF=21.8% |r|=4.38
  T=100 eval  3 lnS=+5.296 lnM=+1.512 lnG=-0.027 Jsc=5.642 Voc=1.0274 FF=24.2% |r|=2.02
  T=100 eval  4 lnS=+5.296 lnM=+1.440 lnG=-0.029 Jsc=5.498 Voc=1.0273 FF=23.9% |r|=2.15
  T=100 eval  5 lnS=+5.353 lnM=+2.006 lnG=-0.213 Jsc=5.488 Voc=1.0224 FF=25.5% |r|=0.30
  T=100 eval  6 lnS=+5.620 lnM=+2.006 lnG=-0.213 Jsc=5.060 Voc=1.0166 FF=23.4% |r|=3.21
  T=100 eval  7 lnS=+5.353 lnM=+2.106 lnG=-0.213 Jsc=5.677 Voc=1.0224 FF=26.0% |r|=1.00
  T=100 eval  8 lnS=+5.353 lnM=+2.006 lnG=-0.223 Jsc=5.433 Voc=1.0222 FF=25.5% |r|=0.43
  T=100 eval  9 lnS=+5.385 lnM=+2.082 lnG=-0.228 Jsc=5.496 Voc=1.0214 FF=25.6% |r|=0.09
  T=100 eval 10 lnS=+5.654 lnM=+2.082 lnG=-0.228 Jsc=5.065 Voc=1.0156 FF=23.5% |r|=3.22
  T=100 eval 11 lnS=+5.385 lnM=+2.186 lnG=-0.228 Jsc=5.693 Voc=1.0214 FF=26.1% |r|=1.07
  T=100 eval 12 lnS=+5.385 lnM=+2.082 lnG=-0.240 Jsc=5.437 Voc=1.0212 FF=25.5% |r|=0.33
  T=100 eval 13 lnS=+5.386 lnM=+2.084 lnG=-0.228 Jsc=5.498 Voc=1.0214 FF=25.6% |r|=0.08
  T=100 eval 14 lnS=+5.655 lnM=+2.084 lnG=-0.228 Jsc=5.067 Voc=1.0156 FF=23.5% |r|=3.21
  T=100 eval 15 lnS=+5.386 lnM=+2.188 lnG=-0.228 Jsc=5.695 Voc=1.0214 FF=26.1% |r|=1.08
  T=100 eval 16 lnS=+5.386 lnM=+2.084 lnG=-0.240 Jsc=5.439 Voc=1.0211 FF=25.5% |r|=0.31
DONE {"tag": "V1_one_2020", "T": 100.0, "x": [5.385600508905945, 2.084217875983467, -0.22825185296110762], "beta_scale": 218.2411205017815, "beta": 9.378989841148639e-14, "G": 1.0336413563190197e+22, "G_ratio": 0.7959237788301317, "M": 8.038302073365921, "Jsc": 5.498246929189978, "Voc": 1.0213798682431494, "FF": 0.25566249645888983, "mu_n_bulk": 3.08335879336769e-07, "mu_p_bulk": 1.6264386898307206e-06, "zeta_eff": 0.09376312548161853, "target": [5.5, 1.021, 0.256], "seconds": 108.80191993713379}
