  T=280 eval  1 lnS=+0.050 lnM=+0.040 Jsc=22.823 Voc=0.8853 FF=71.0% |r|=4.41
  T=280 eval  2 lnS=+0.053 lnM=+0.040 Jsc=22.823 Voc=0.8853 FF=71.0% |r|=4.40
  T=280 eval  3 lnS=+0.050 lnM=+0.042 Jsc=22.823 Voc=0.8853 FF=71.0% |r|=4.41
  T=280 eval  4 lnS=+0.116 lnM=+0.050 Jsc=22.819 Voc=0.8836 FF=70.8% |r|=4.21
  T=280 eval  5 lnS=+0.122 lnM=+0.050 Jsc=22.819 Voc=0.8835 FF=70.8% |r|=4.19
  T=280 eval  6 lnS=+0.116 lnM=+0.053 Jsc=22.820 Voc=0.8836 FF=70.9% |r|=4.21
  T=280 eval  7 lnS=+0.241 lnM=+0.094 Jsc=22.814 Voc=0.8804 FF=70.8% |r|=3.87
  T=280 eval  8 lnS=+0.253 lnM=+0.094 Jsc=22.814 Voc=0.8801 FF=70.7% |r|=3.84
  T=280 eval  9 lnS=+0.241 lnM=+0.098 Jsc=22.815 Voc=0.8804 FF=70.8% |r|=3.87
  T=280 eval 10 lnS=+0.483 lnM=+0.199 Jsc=22.806 Voc=0.8741 FF=70.9% |r|=3.46
  T=280 eval 11 lnS=+0.507 lnM=+0.199 Jsc=22.804 Voc=0.8735 FF=70.8% |r|=3.45
  T=280 eval 12 lnS=+0.483 lnM=+0.209 Jsc=22.807 Voc=0.8741 FF=71.0% |r|=3.46
  T=280 eval 13 lnS=+0.592 lnM=+0.246 Jsc=22.801 Voc=0.8713 FF=71.0% |r|=3.41
  T=280 eval 14 lnS=+0.621 lnM=+0.246 Jsc=22.799 Voc=0.8706 FF=70.8% |r|=3.42
  T=280 eval 15 lnS=+0.592 lnM=+0.259 Jsc=22.802 Voc=0.8713 FF=71.1% |r|=3.41
  T=280 eval 16 lnS=+0.595 lnM=+0.247 Jsc=22.801 Voc=0.8712 FF=71.0% |r|=3.41
  T=280 eval 17 lnS=+0.625 lnM=+0.247 Jsc=22.798 Voc=0.8705 FF=70.8% |r|=3.42
  T=280 eval 18 lnS=+0.595 lnM=+0.259 Jsc=22.802 Voc=0.8712 FF=71.1% |r|=3.41
DONE {"tag": "V1_one_2020", "T": 280.0, "x": [0.5949867473901059, 0.24697847697550815], "beta_scale": 1.8130069177275292, "beta": 1.6416079614726487e-12, "M": 1.280151559748385, "Jsc": 22.80100349198349, "Voc": 0.871225206368333, "FF": 0.7095989118605647, "mu_n_bulk": 0.0009372678110380764, "mu_p_bulk": 0.00014588103344297186, "zeta_eff": 0.0029314850886854186, "target": [22.12, 0.872, 0.711], "seconds": 81.67845964431763}
  T=250 eval  1 lnS=+0.312 lnM=+0.250 Jsc=22.832 Voc=0.9223 FF=66.4% |r|=8.53
  T=250 eval  2 lnS=+0.328 lnM=+0.250 Jsc=22.831 Voc=0.9219 FF=66.3% |r|=8.47
  T=250 eval  3 lnS=+0.312 lnM=+0.263 Jsc=22.833 Voc=0.9223 FF=66.6% |r|=8.56
  T=250 eval  4 lnS=+0.724 lnM=+0.292 Jsc=22.809 Voc=0.9123 FF=64.8% |r|=7.33
  T=250 eval  5 lnS=+0.760 lnM=+0.292 Jsc=22.806 Voc=0.9115 FF=64.6% |r|=7.26
  T=250 eval  6 lnS=+0.724 lnM=+0.307 Jsc=22.810 Voc=0.9123 FF=65.0% |r|=7.33
  T=250 eval  7 lnS=+1.331 lnM=+0.520 Jsc=22.780 Voc=0.8978 FF=64.8% |r|=6.60
  T=250 eval  8 lnS=+1.397 lnM=+0.520 Jsc=22.773 Voc=0.8962 FF=64.5% |r|=6.59
  T=250 eval  9 lnS=+1.331 lnM=+0.546 Jsc=22.784 Voc=0.8977 FF=65.2% |r|=6.62
  T=250 eval 10 lnS=+1.407 lnM=+0.537 Jsc=22.775 Voc=0.8959 FF=64.7% |r|=6.59
  T=250 eval 11 lnS=+1.478 lnM=+0.537 Jsc=22.767 Voc=0.8943 FF=64.3% |r|=6.61
  T=250 eval 12 lnS=+1.407 lnM=+0.564 Jsc=22.778 Voc=0.8959 FF=65.1% |r|=6.60
  T=250 eval 13 lnS=+1.414 lnM=+0.538 Jsc=22.774 Voc=0.8958 FF=64.7% |r|=6.59
  T=250 eval 14 lnS=+1.409 lnM=+0.536 Jsc=22.774 Voc=0.8959 FF=64.7% |r|=6.59
  T=250 eval 15 lnS=+1.479 lnM=+0.536 Jsc=22.766 Voc=0.8942 FF=64.3% |r|=6.61
  T=250 eval 16 lnS=+1.409 lnM=+0.563 Jsc=22.778 Voc=0.8959 FF=65.0% |r|=6.60
DONE {"tag": "V1_one_2020", "T": 250.0, "x": [1.4088715091438406, 0.5363075293334715], "beta_scale": 4.091335762952083, "beta": 1.5694578786739458e-12, "M": 1.7096822411075825, "Jsc": 22.774278224166142, "Voc": 0.8959026973999904, "FF": 0.6467749218599561, "mu_n_bulk": 0.0006320949478335074, "mu_p_bulk": 0.00010206532757694966, "zeta_eff": 0.004134901452425225, "target": [21.46, 0.898, 0.65], "seconds": 81.26977133750916}
  T=230 eval  1 lnS=+0.612 lnM=+0.490 Jsc=22.830 Voc=0.9451 FF=62.2% |r|=12.01
  T=230 eval  2 lnS=+0.643 lnM=+0.490 Jsc=22.828 Voc=0.9444 FF=62.1% |r|=11.90
  T=230 eval  3 lnS=+0.612 lnM=+0.514 Jsc=22.832 Voc=0.9451 FF=62.6% |r|=12.09
  T=230 eval  4 lnS=+1.398 lnM=+0.638 Jsc=22.786 Voc=0.9269 FF=59.9% |r|=10.16
  T=230 eval  5 lnS=+1.468 lnM=+0.638 Jsc=22.779 Voc=0.9253 FF=59.6% |r|=10.07
  T=230 eval  6 lnS=+1.398 lnM=+0.670 Jsc=22.790 Voc=0.9269 FF=60.4% |r|=10.19
  T=230 eval  7 lnS=+2.021 lnM=+0.846 Jsc=22.746 Voc=0.9127 FF=59.7% |r|=9.64
  T=230 eval  8 lnS=+2.122 lnM=+0.846 Jsc=22.732 Voc=0.9104 FF=59.2% |r|=9.62
  T=230 eval  9 lnS=+2.021 lnM=+0.889 Jsc=22.754 Voc=0.9126 FF=60.3% |r|=9.67
  T=230 eval 10 lnS=+2.149 lnM=+0.873 Jsc=22.733 Voc=0.9098 FF=59.5% |r|=9.62
  T=230 eval 11 lnS=+2.256 lnM=+0.873 Jsc=22.717 Voc=0.9074 FF=59.0% |r|=9.64
  T=230 eval 12 lnS=+2.149 lnM=+0.917 Jsc=22.741 Voc=0.9097 FF=60.1% |r|=9.64
  T=230 eval 13 lnS=+2.173 lnM=+0.878 Jsc=22.731 Voc=0.9092 FF=59.4% |r|=9.62
  T=230 eval 14 lnS=+2.155 lnM=+0.872 Jsc=22.732 Voc=0.9096 FF=59.4% |r|=9.62
  T=230 eval 15 lnS=+2.263 lnM=+0.872 Jsc=22.715 Voc=0.9072 FF=58.9% |r|=9.64
  T=230 eval 16 lnS=+2.155 lnM=+0.916 Jsc=22.740 Voc=0.9096 FF=60.1% |r|=9.64
DONE {"tag": "V1_one_2020", "T": 230.0, "x": [2.1549306861858293, 0.8720786199936242], "beta_scale": 8.627292167717663, "beta": 1.6155772805381365e-12, "M": 2.3918774942384915, "Jsc": 22.732114649561247, "Voc": 0.9096451461378788, "FF": 0.5944794188301981, "mu_n_bulk": 0.0004851919792776155, "mu_p_bulk": 7.794317126451854e-05, "zeta_eff": 0.005549086325919107, "target": [20.82, 0.914, 0.601], "seconds": 87.90969586372375}
  T=200 eval  1 lnS=+1.250 lnM=+1.000 Jsc=22.746 Voc=0.9658 FF=51.5% |r|=16.67
  T=200 eval  2 lnS=+1.312 lnM=+1.000 Jsc=22.738 Voc=0.9644 FF=51.2% |r|=16.52
  T=200 eval  3 lnS=+1.250 lnM=+1.050 Jsc=22.758 Voc=0.9657 FF=52.2% |r|=16.78
  T=200 eval  4 lnS=+2.349 lnM=+1.251 Jsc=22.620 Voc=0.9420 FF=49.4% |r|=15.14
  T=200 eval  5 lnS=+2.466 lnM=+1.251 Jsc=22.589 Voc=0.9395 FF=48.9% |r|=15.01
  T=200 eval  6 lnS=+2.349 lnM=+1.314 Jsc=22.644 Voc=0.9419 FF=50.1% |r|=15.23
  T=200 eval  7 lnS=+2.930 lnM=+1.341 Jsc=22.488 Voc=0.9297 FF=48.1% |r|=14.72
  T=200 eval  8 lnS=+3.076 lnM=+1.341 Jsc=22.432 Voc=0.9267 FF=47.5% |r|=14.64
  T=200 eval  9 lnS=+2.930 lnM=+1.408 Jsc=22.524 Voc=0.9297 FF=48.9% |r|=14.81
  T=200 eval 10 lnS=+3.288 lnM=+1.373 Jsc=22.362 Voc=0.9223 FF=47.1% |r|=14.56
  T=200 eval 11 lnS=+3.452 lnM=+1.373 Jsc=22.281 Voc=0.9190 FF=46.5% |r|=14.49
  T=200 eval 12 lnS=+3.288 lnM=+1.442 Jsc=22.409 Voc=0.9223 FF=47.9% |r|=14.63
  T=200 eval 13 lnS=+3.539 lnM=+1.382 Jsc=22.243 Voc=0.9172 FF=46.3% |r|=14.47
  T=200 eval 14 lnS=+3.716 lnM=+1.382 Jsc=22.139 Voc=0.9136 FF=45.7% |r|=14.42
  T=200 eval 15 lnS=+3.539 lnM=+1.451 Jsc=22.299 Voc=0.9171 FF=47.1% |r|=14.54
  T=200 eval 16 lnS=+3.723 lnM=+1.380 Jsc=22.132 Voc=0.9135 FF=45.7% |r|=14.42
  T=200 eval 17 lnS=+3.909 lnM=+1.380 Jsc=22.008 Voc=0.9097 FF=45.0% |r|=14.39
  T=200 eval 18 lnS=+3.723 lnM=+1.449 Jsc=22.197 Voc=0.9134 FF=46.4% |r|=14.48
  T=200 eval 19 lnS=+3.855 lnM=+1.370 Jsc=22.035 Voc=0.9108 FF=45.1% |r|=14.39
  T=200 eval 20 lnS=+4.048 lnM=+1.370 Jsc=21.893 Voc=0.9069 FF=44.5% |r|=14.38
  T=200 eval 21 lnS=+3.855 lnM=+1.438 Jsc=22.107 Voc=0.9107 FF=45.9% |r|=14.45
  T=200 eval 22 lnS=+3.946 lnM=+1.355 Jsc=21.953 Voc=0.9090 FF=44.6% |r|=14.37
  T=200 eval 23 lnS=+4.143 lnM=+1.355 Jsc=21.797 Voc=0.9050 FF=44.0% |r|=14.38
  T=200 eval 24 lnS=+3.946 lnM=+1.423 Jsc=22.031 Voc=0.9089 FF=45.4% |r|=14.42
  T=200 eval 25 lnS=+4.004 lnM=+1.339 Jsc=21.888 Voc=0.9078 FF=44.3% |r|=14.36
  T=200 eval 26 lnS=+4.205 lnM=+1.339 Jsc=21.721 Voc=0.9037 FF=43.6% |r|=14.39
  T=200 eval 27 lnS=+4.004 lnM=+1.406 Jsc=21.970 Voc=0.9077 FF=45.0% |r|=14.41
  T=200 eval 28 lnS=+4.041 lnM=+1.323 Jsc=21.838 Voc=0.9071 FF=44.0% |r|=14.35
  T=200 eval 29 lnS=+4.243 lnM=+1.323 Jsc=21.662 Voc=0.9030 FF=43.3% |r|=14.39
  T=200 eval 30 lnS=+4.041 lnM=+1.389 Jsc=21.922 Voc=0.9070 FF=44.7% |r|=14.39
  T=200 eval 31 lnS=+4.062 lnM=+1.307 Jsc=21.800 Voc=0.9066 FF=43.7% |r|=14.35
  T=200 eval 32 lnS=+4.265 lnM=+1.307 Jsc=21.618 Voc=0.9025 FF=43.1% |r|=14.39
  T=200 eval 33 lnS=+4.062 lnM=+1.373 Jsc=21.886 Voc=0.9066 FF=44.4% |r|=14.38
  T=200 eval 34 lnS=+4.074 lnM=+1.294 Jsc=21.771 Voc=0.9064 FF=43.6% |r|=14.34
  T=200 eval 35 lnS=+4.278 lnM=+1.294 Jsc=21.584 Voc=0.9023 FF=42.9% |r|=14.40
  T=200 eval 36 lnS=+4.074 lnM=+1.359 Jsc=21.858 Voc=0.9064 FF=44.3% |r|=14.38
  T=200 eval 37 lnS=+4.081 lnM=+1.283 Jsc=21.749 Voc=0.9063 FF=43.4% |r|=14.34
  T=200 eval 38 lnS=+4.285 lnM=+1.283 Jsc=21.559 Voc=0.9022 FF=42.7% |r|=14.40
  T=200 eval 39 lnS=+4.081 lnM=+1.347 Jsc=21.837 Voc=0.9062 FF=44.1% |r|=14.37
  T=200 eval 40 lnS=+4.084 lnM=+1.273 Jsc=21.732 Voc=0.9062 FF=43.3% |r|=14.34
  T=200 eval 41 lnS=+4.288 lnM=+1.273 Jsc=21.540 Voc=0.9021 FF=42.6% |r|=14.40
  T=200 eval 42 lnS=+4.084 lnM=+1.337 Jsc=21.821 Voc=0.9062 FF=44.0% |r|=14.36
  T=200 eval 43 lnS=+4.086 lnM=+1.266 Jsc=21.719 Voc=0.9062 FF=43.2% |r|=14.33
  T=200 eval 44 lnS=+4.290 lnM=+1.266 Jsc=21.525 Voc=0.9021 FF=42.6% |r|=14.40
  T=200 eval 45 lnS=+4.086 lnM=+1.329 Jsc=21.809 Voc=0.9061 FF=43.9% |r|=14.36
  T=200 eval 46 lnS=+4.087 lnM=+1.260 Jsc=21.710 Voc=0.9062 FF=43.2% |r|=14.33
  T=200 eval 47 lnS=+4.291 lnM=+1.260 Jsc=21.514 Voc=0.9020 FF=42.5% |r|=14.40
  T=200 eval 48 lnS=+4.087 lnM=+1.323 Jsc=21.800 Voc=0.9061 FF=43.8% |r|=14.36
DONE {"tag": "V1_one_2020", "T": 200.0, "x": [4.086700267146533, 1.259598485108802], "beta_scale": 59.54309089444294, "beta": 5.075787172334901e-12, "M": 3.5240062622764423, "Jsc": 21.709652384497527, "Voc": 0.9061840348280478, "FF": 0.43155331132549885, "mu_n_bulk": 0.00021405299447705694, "mu_p_bulk": 3.7163908450535036e-05, "zeta_eff": 0.03908057339733772, "target": [19.6, 0.939, 0.503], "seconds": 237.88934707641602}
  T=175 eval  1 lnS=+1.953 lnM=+1.562 Jsc=22.397 Voc=0.9797 FF=42.6% |r|=28.12
  T=175 eval  2 lnS=+2.051 lnM=+1.562 Jsc=22.354 Voc=0.9776 FF=42.2% |r|=27.81
  T=175 eval  3 lnS=+1.953 lnM=+1.641 Jsc=22.466 Voc=0.9796 FF=43.4% |r|=28.54
  T=175 eval  4 lnS=+2.957 lnM=+0.724 Jsc=19.214 Voc=0.9600 FF=34.5% |r|=12.92
  T=175 eval  5 lnS=+3.104 lnM=+0.724 Jsc=18.951 Voc=0.9570 FF=34.1% |r|=11.93
  T=175 eval  6 lnS=+2.957 lnM=+0.760 Jsc=19.359 Voc=0.9600 FF=34.7% |r|=13.53
  T=175 eval  7 lnS=+2.961 lnM=+0.241 Jsc=17.102 Voc=0.9603 FF=32.6% |r|=7.24
  T=175 eval  8 lnS=+3.109 lnM=+0.241 Jsc=16.773 Voc=0.9573 FF=32.2% |r|=7.57
  T=175 eval  9 lnS=+2.961 lnM=+0.253 Jsc=17.158 Voc=0.9603 FF=32.6% |r|=7.25
  T=175 eval 10 lnS=+2.614 lnM=+0.070 Jsc=17.053 Voc=0.9676 FF=32.8% |r|=7.06
  T=175 eval 11 lnS=+2.745 lnM=+0.070 Jsc=16.779 Voc=0.9649 FF=32.5% |r|=7.26
  T=175 eval 12 lnS=+2.614 lnM=+0.073 Jsc=17.069 Voc=0.9675 FF=32.8% |r|=7.06
  T=175 eval 13 lnS=+2.575 lnM=+0.057 Jsc=17.077 Voc=0.9684 FF=32.9% |r|=7.06
  T=175 eval 14 lnS=+2.703 lnM=+0.057 Jsc=16.809 Voc=0.9657 FF=32.5% |r|=7.21
  T=175 eval 15 lnS=+2.575 lnM=+0.060 Jsc=17.090 Voc=0.9684 FF=32.9% |r|=7.06
  T=175 eval 16 lnS=+2.571 lnM=+0.056 Jsc=17.079 Voc=0.9684 FF=32.9% |r|=7.06
  T=175 eval 17 lnS=+2.699 lnM=+0.056 Jsc=16.812 Voc=0.9658 FF=32.5% |r|=7.21
  T=175 eval 18 lnS=+2.571 lnM=+0.059 Jsc=17.091 Voc=0.9684 FF=32.9% |r|=7.06
DONE {"tag": "V1_one_2020", "T": 175.0, "x": [2.5708758481724643, 0.05573169769254962], "beta_scale": 13.077273132318735, "beta": 5.235783939370312e-13, "M": 1.0573139659004875, "Jsc": 17.079067668845674, "Voc": 0.9684491183570316, "FF": 0.32858816129366974, "mu_n_bulk": 2.0145962450466795e-05, "mu_p_bulk": 4.814659026846211e-06, "zeta_eff": 0.04057258723905331, "target": [16.85, 0.962, 0.397], "seconds": 83.48232746124268}
  T=150 eval  1 lnS=+2.812 lnM=+2.250 Jsc=21.486 Voc=0.9939 FF=36.3% |r|=43.38
  T=150 eval  2 lnS=+2.953 lnM=+2.250 Jsc=21.325 Voc=0.9911 FF=35.9% |r|=42.53
  T=150 eval  3 lnS=+2.812 lnM=+2.362 Jsc=21.690 Voc=0.9938 FF=37.0% |r|=44.43
  T=150 eval  4 lnS=+4.090 lnM=+0.242 Jsc=9.113 Voc=0.9679 FF=23.7% |r|=21.63
  T=150 eval  5 lnS=+4.294 lnM=+0.242 Jsc=8.320 Voc=0.9636 FF=23.3% |r|=25.45
  T=150 eval  6 lnS=+4.090 lnM=+0.254 Jsc=9.179 Voc=0.9679 FF=23.8% |r|=21.33
  T=150 eval  7 lnS=+3.573 lnM=+0.569 Jsc=12.980 Voc=0.9791 FF=26.5% |r|=8.01
  T=150 eval  8 lnS=+3.752 lnM=+0.569 Jsc=12.283 Voc=0.9754 FF=25.9% |r|=9.04
  T=150 eval  9 lnS=+3.573 lnM=+0.597 Jsc=13.136 Voc=0.9791 FF=26.6% |r|=8.00
  T=150 eval 10 lnS=+3.354 lnM=+0.429 Jsc=13.056 Voc=0.9837 FF=26.6% |r|=7.92
  T=150 eval 11 lnS=+3.522 lnM=+0.429 Jsc=12.408 Voc=0.9801 FF=26.1% |r|=8.63
  T=150 eval 12 lnS=+3.354 lnM=+0.450 Jsc=13.171 Voc=0.9837 FF=26.7% |r|=7.93
  T=150 eval 13 lnS=+3.319 lnM=+0.406 Jsc=13.064 Voc=0.9844 FF=26.6% |r|=7.91
  T=150 eval 14 lnS=+3.485 lnM=+0.406 Jsc=12.424 Voc=0.9809 FF=26.1% |r|=8.58
  T=150 eval 15 lnS=+3.319 lnM=+0.426 Jsc=13.174 Voc=0.9844 FF=26.7% |r|=7.93
  T=150 eval 16 lnS=+3.317 lnM=+0.404 Jsc=13.066 Voc=0.9845 FF=26.6% |r|=7.91
  T=150 eval 17 lnS=+3.483 lnM=+0.404 Jsc=12.426 Voc=0.9810 FF=26.1% |r|=8.58
  T=150 eval 18 lnS=+3.317 lnM=+0.425 Jsc=13.175 Voc=0.9845 FF=26.7% |r|=7.93
DONE {"tag": "V1_one_2020", "T": 150.0, "x": [3.3168457409028305, 0.40429586223356884], "beta_scale": 27.573240102834657, "beta": 4.0303458566830165e-13, "M": 1.4982471561405304, "Jsc": 13.065831383705211, "Voc": 0.9844852817834455, "FF": 0.26581429012818464, "mu_n_bulk": 6.123713919926309e-06, "mu_p_bulk": 2.183381235980006e-06, "zeta_eff": 0.09384248749934301, "target": [12.83, 0.983, 0.344], "seconds": 72.1509747505188}
  T=125 eval  1 lnS=+3.828 lnM=+3.062 Jsc=20.161 Voc=1.0108 FF=33.9% |r|=57.68
  T=125 eval  2 lnS=+4.020 lnM=+3.062 Jsc=19.695 Voc=1.0068 FF=32.7% |r|=55.27
  T=125 eval  3 lnS=+3.828 lnM=+3.216 Jsc=20.575 Voc=1.0107 FF=34.8% |r|=59.81
  T=125 eval  4 lnS=+4.826 lnM=+0.976 Jsc=6.008 Voc=0.9884 FF=18.4% |r|=17.67
  T=125 eval  5 lnS=+5.067 lnM=+0.976 Jsc=5.136 Voc=0.9834 FF=17.7% |r|=21.68
  T=125 eval  6 lnS=+4.826 lnM=+1.025 Jsc=6.212 Voc=0.9885 FF=18.6% |r|=16.81
  T=125 eval  7 lnS=+4.308 lnM=+1.211 Jsc=9.206 Voc=0.9997 FF=21.5% |r|=8.63
  T=125 eval  8 lnS=+4.523 lnM=+1.211 Jsc=8.283 Voc=0.9951 FF=20.5% |r|=9.54
  T=125 eval  9 lnS=+4.308 lnM=+1.271 Jsc=9.516 Voc=0.9998 FF=21.8% |r|=9.00
  T=125 eval 10 lnS=+3.779 lnM=+0.716 Jsc=8.979 Voc=1.0109 FF=22.2% |r|=7.82
  T=125 eval 11 lnS=+3.968 lnM=+0.716 Jsc=8.219 Voc=1.0067 FF=21.1% |r|=8.87
  T=125 eval 12 lnS=+3.779 lnM=+0.752 Jsc=9.151 Voc=1.0109 FF=22.4% |r|=7.89
  T=125 eval 13 lnS=+3.494 lnM=+0.468 Jsc=8.941 Voc=1.0171 FF=22.7% |r|=7.63
  T=125 eval 14 lnS=+3.668 lnM=+0.468 Jsc=8.262 Voc=1.0131 FF=21.7% |r|=8.50
  T=125 eval 15 lnS=+3.494 lnM=+0.492 Jsc=9.050 Voc=1.0171 FF=22.9% |r|=7.65
  T=125 eval 16 lnS=+3.410 lnM=+0.398 Jsc=8.939 Voc=1.0189 FF=22.9% |r|=7.61
  T=125 eval 17 lnS=+3.581 lnM=+0.398 Jsc=8.283 Voc=1.0150 FF=21.9% |r|=8.40
  T=125 eval 18 lnS=+3.410 lnM=+0.418 Jsc=9.031 Voc=1.0189 FF=23.0% |r|=7.62
  T=125 eval 19 lnS=+3.387 lnM=+0.379 Jsc=8.939 Voc=1.0194 FF=23.0% |r|=7.61
  T=125 eval 20 lnS=+3.556 lnM=+0.379 Jsc=8.289 Voc=1.0156 FF=21.9% |r|=8.38
  T=125 eval 21 lnS=+3.387 lnM=+0.398 Jsc=9.027 Voc=1.0194 FF=23.1% |r|=7.62
  T=125 eval 22 lnS=+3.381 lnM=+0.374 Jsc=8.939 Voc=1.0195 FF=23.0% |r|=7.60
  T=125 eval 23 lnS=+3.550 lnM=+0.374 Jsc=8.291 Voc=1.0157 FF=21.9% |r|=8.37
  T=125 eval 24 lnS=+3.381 lnM=+0.393 Jsc=9.026 Voc=1.0195 FF=23.1% |r|=7.62
  T=125 eval 25 lnS=+3.379 lnM=+0.372 Jsc=8.939 Voc=1.0195 FF=23.0% |r|=7.60
  T=125 eval 26 lnS=+3.548 lnM=+0.372 Jsc=8.291 Voc=1.0157 FF=21.9% |r|=8.37
  T=125 eval 27 lnS=+3.379 lnM=+0.391 Jsc=9.025 Voc=1.0196 FF=23.1% |r|=7.62
DONE {"tag": "V1_one_2020", "T": 125.0, "x": [3.379179405545241, 0.37244215594452945], "beta_scale": 29.346679507452848, "beta": 1.0465487667453764e-13, "M": 1.4512745291108067, "Jsc": 8.939264513975342, "Voc": 1.0195439008101215, "FF": 0.22996739036924949, "mu_n_bulk": 1.0584813410796074e-06, "mu_p_bulk": 1.2573290423219053e-06, "zeta_eff": 0.08741034893687176, "target": [8.66, 1.003, 0.297], "seconds": 105.28011226654053}
  T=100 eval  1 lnS=+5.000 lnM=+4.000 Jsc=14.097 Voc=1.0358 FF=38.7% |r|=45.03
  T=100 eval  2 lnS=+5.250 lnM=+4.000 Jsc=13.267 Voc=1.0303 FF=36.6% |r|=40.40
  T=100 eval  3 lnS=+5.000 lnM=+4.200 Jsc=14.969 Voc=1.0358 FF=39.9% |r|=49.54
  T=100 eval  4 lnS=+5.540 lnM=+2.669 Jsc=7.947 Voc=1.0232 FF=27.8% |r|=12.44
  T=100 eval  5 lnS=+5.817 lnM=+2.669 Jsc=7.350 Voc=1.0171 FF=25.7% |r|=9.28
  T=100 eval  6 lnS=+5.540 lnM=+2.803 Jsc=8.306 Voc=1.0232 FF=28.5% |r|=14.33
  T=100 eval  7 lnS=+5.612 lnM=+1.933 Jsc=6.069 Voc=1.0212 FF=23.8% |r|=3.37
  T=100 eval  8 lnS=+5.893 lnM=+1.933 Jsc=5.536 Voc=1.0152 FF=21.6% |r|=4.12
  T=100 eval  9 lnS=+5.612 lnM=+2.029 Jsc=6.275 Voc=1.0213 FF=24.2% |r|=4.10
  T=100 eval 10 lnS=+5.354 lnM=+1.514 Jsc=5.693 Voc=1.0267 FF=23.8% |r|=2.30
  T=100 eval 11 lnS=+5.622 lnM=+1.514 Jsc=5.220 Voc=1.0209 FF=21.8% |r|=4.06
  T=100 eval 12 lnS=+5.354 lnM=+1.590 Jsc=5.842 Voc=1.0267 FF=24.2% |r|=2.49
  T=100 eval 13 lnS=+5.296 lnM=+1.440 Jsc=5.651 Voc=1.0279 FF=24.0% |r|=2.28
  T=100 eval 14 lnS=+5.561 lnM=+1.440 Jsc=5.189 Voc=1.0222 FF=21.9% |r|=4.01
  T=100 eval 15 lnS=+5.296 lnM=+1.512 Jsc=5.791 Voc=1.0280 FF=24.3% |r|=2.41
  T=100 eval 16 lnS=+5.296 lnM=+1.440 Jsc=5.652 Voc=1.0279 FF=24.0% |r|=2.28
  T=100 eval 17 lnS=+5.561 lnM=+1.440 Jsc=5.190 Voc=1.0222 FF=21.9% |r|=4.01
  T=100 eval 18 lnS=+5.296 lnM=+1.512 Jsc=5.791 Voc=1.0280 FF=24.3% |r|=2.41
DONE {"tag": "V1_one_2020", "T": 100.0, "x": [5.295935338482878, 1.4403419615821995], "beta_scale": 199.5241613424813, "beta": 8.574621858576639e-14, "M": 4.2221393796235285, "Jsc": 5.651753860756091, "Voc": 1.027944388792086, "FF": 0.23953988099902493, "mu_n_bulk": 2.0204216126680824e-07, "mu_p_bulk": 1.3788165232818076e-06, "zeta_eff": 0.10491275889116053, "target": [5.5, 1.021, 0.256], "seconds": 124.02562093734741}
