V1_cal_2020 before refit: Jsc 26.4789 Voc 0.82101 FF 0.5684
  eval   2 x=[-0.17  0.03 -0.3   0.1 ] Jsc=22.5294 Voc=0.85432 FF=0.6203 |r_data|=106.33
  eval   3 x=[-0.17017  0.03    -0.3      0.1    ] Jsc=22.5256 Voc=0.85431 FF=0.6204 |r_data|=106.33
  eval   4 x=[-0.17     0.03003 -0.3      0.1    ] Jsc=22.5294 Voc=0.85435 FF=0.6203 |r_data|=106.32
  eval   5 x=[-0.17    0.03   -0.3003  0.1   ] Jsc=22.5295 Voc=0.85433 FF=0.6204 |r_data|=106.31
  eval   6 x=[-0.17    0.03   -0.3     0.1001] Jsc=22.5294 Voc=0.85432 FF=0.6204 |r_data|=106.31
  eval   7 x=[-0.17692  0.00743 -1.36353  0.28216] Jsc=22.5834 Voc=0.86004 FF=0.6947 |r_data|=34.84
  eval   8 x=[-0.1771   0.00743 -1.36353  0.28216] Jsc=22.5794 Voc=0.86003 FF=0.6947 |r_data|=34.88
  eval   9 x=[-0.17692  0.00744 -1.36353  0.28216] Jsc=22.5834 Voc=0.86004 FF=0.6947 |r_data|=34.85
  eval  10 x=[-0.17692  0.00743 -1.36489  0.28216] Jsc=22.5835 Voc=0.86007 FF=0.6948 |r_data|=34.81
  eval  11 x=[-0.17692  0.00743 -1.36353  0.28244] Jsc=22.5834 Voc=0.86004 FF=0.6948 |r_data|=34.81
  eval  12 x=[-0.16991 -0.00946 -1.80841  0.34478] Jsc=22.7782 Voc=0.85542 FF=0.7207 |r_data|=6.08
  eval  13 x=[-0.17008 -0.00946 -1.80841  0.34478] Jsc=22.7743 Voc=0.85541 FF=0.7207 |r_data|=6.09
  eval  14 x=[-0.16991 -0.00947 -1.80841  0.34478] Jsc=22.7782 Voc=0.85541 FF=0.7207 |r_data|=6.07
  eval  15 x=[-0.16991 -0.00946 -1.81022  0.34478] Jsc=22.7783 Voc=0.85547 FF=0.7208 |r_data|=6.05
  eval  16 x=[-0.16991 -0.00946 -1.80841  0.34513] Jsc=22.7782 Voc=0.85542 FF=0.7208 |r_data|=6.04
  eval  17 x=[-0.16919 -0.01293 -1.88685  0.36111] Jsc=22.7995 Voc=0.85410 FF=0.7257 |r_data|=0.37
  eval  18 x=[-0.16936 -0.01293 -1.88685  0.36111] Jsc=22.7957 Voc=0.85410 FF=0.7257 |r_data|=0.40
  eval  19 x=[-0.16919 -0.01294 -1.88685  0.36111] Jsc=22.7995 Voc=0.85409 FF=0.7257 |r_data|=0.36
  eval  20 x=[-0.16919 -0.01293 -1.88873  0.36111] Jsc=22.7996 Voc=0.85415 FF=0.7258 |r_data|=0.38
  eval  21 x=[-0.16919 -0.01293 -1.88685  0.36147] Jsc=22.7995 Voc=0.85410 FF=0.7257 |r_data|=0.34
  eval  22 x=[-0.16918 -0.01335 -1.89874  0.35933] Jsc=22.8003 Voc=0.85401 FF=0.7260 |r_data|=0.03
  eval  23 x=[-0.16935 -0.01335 -1.89874  0.35933] Jsc=22.7965 Voc=0.85401 FF=0.7260 |r_data|=0.16
  eval  24 x=[-0.16918 -0.01336 -1.89874  0.35933] Jsc=22.8003 Voc=0.85400 FF=0.7260 |r_data|=0.03
  eval  25 x=[-0.16918 -0.01335 -1.90064  0.35933] Jsc=22.8004 Voc=0.85406 FF=0.7261 |r_data|=0.14
  eval  26 x=[-0.16918 -0.01335 -1.89874  0.35969] Jsc=22.8003 Voc=0.85401 FF=0.7260 |r_data|=0.03
  eval  27 x=[-0.16924 -0.01472 -1.94865  0.3408 ] Jsc=22.8003 Voc=0.85401 FF=0.7260 |r_data|=0.03
  eval  28 x=[-0.16941 -0.01472 -1.94865  0.3408 ] Jsc=22.7965 Voc=0.85401 FF=0.7260 |r_data|=0.16
  eval  29 x=[-0.16924 -0.01473 -1.94865  0.3408 ] Jsc=22.8003 Voc=0.85400 FF=0.7260 |r_data|=0.03
  eval  30 x=[-0.16924 -0.01472 -1.9506   0.3408 ] Jsc=22.8004 Voc=0.85406 FF=0.7261 |r_data|=0.15
  eval  31 x=[-0.16924 -0.01472 -1.94865  0.34114] Jsc=22.8003 Voc=0.85401 FF=0.7260 |r_data|=0.03
  eval  32 x=[-0.16924 -0.01478 -1.95087  0.33994] Jsc=22.8003 Voc=0.85401 FF=0.7260 |r_data|=0.03
  eval  33 x=[-0.16941 -0.01478 -1.95087  0.33994] Jsc=22.7965 Voc=0.85401 FF=0.7260 |r_data|=0.16
  eval  34 x=[-0.16924 -0.01479 -1.95087  0.33994] Jsc=22.8003 Voc=0.85400 FF=0.7260 |r_data|=0.03
  eval  35 x=[-0.16924 -0.01478 -1.95282  0.33994] Jsc=22.8004 Voc=0.85406 FF=0.7261 |r_data|=0.15
  eval  36 x=[-0.16924 -0.01478 -1.95087  0.34028] Jsc=22.8003 Voc=0.85401 FF=0.7260 |r_data|=0.03
  eval  37 x=[-0.16924 -0.01478 -1.95104  0.33987] Jsc=22.8003 Voc=0.85401 FF=0.7260 |r_data|=0.03
  eval  38 x=[-0.16941 -0.01478 -1.95104  0.33987] Jsc=22.7965 Voc=0.85401 FF=0.7260 |r_data|=0.16
  eval  39 x=[-0.16924 -0.0148  -1.95104  0.33987] Jsc=22.8003 Voc=0.85400 FF=0.7260 |r_data|=0.03
  eval  40 x=[-0.16924 -0.01478 -1.95299  0.33987] Jsc=22.8004 Voc=0.85406 FF=0.7261 |r_data|=0.15
  eval  41 x=[-0.16924 -0.01478 -1.95104  0.34021] Jsc=22.8003 Voc=0.85401 FF=0.7260 |r_data|=0.03
  eval  42 x=[-0.16924 -0.01478 -1.95105  0.33987] Jsc=22.8003 Voc=0.85401 FF=0.7260 |r_data|=0.03
  eval  43 x=[-0.16941 -0.01478 -1.95105  0.33987] Jsc=22.7965 Voc=0.85401 FF=0.7260 |r_data|=0.16
  eval  44 x=[-0.16924 -0.0148  -1.95105  0.33987] Jsc=22.8003 Voc=0.85400 FF=0.7260 |r_data|=0.03
  eval  45 x=[-0.16924 -0.01478 -1.953    0.33987] Jsc=22.8004 Voc=0.85406 FF=0.7261 |r_data|=0.15
  eval  46 x=[-0.16924 -0.01478 -1.95105  0.34021] Jsc=22.8003 Voc=0.85401 FF=0.7260 |r_data|=0.03
DONE {"tag": "V1_cal_2020", "before": [26.47887268870367, 0.8210133749278558, 0.5683950555310412], "after": [22.800322640594576, 0.8540103185034046, 0.7259756821021578], "target": [22.8, 0.854, 0.726], "x": [-0.16923904358484054, -0.014784894301458096, -1.9510468978039284, 0.3398690387162373], "G_scale": 0.8443070530768111, "dEg_V": -0.014784894301458096, "S": 0.1421252031120498, "M": 1.4047636088710165, "beta300_new": 6.485733633889383e-13, "zeta0": null, "zeta_new": null, "nfev": 47, "seconds": 169.66577744483948}
