V1_one before refit: Jsc 26.8504 Voc 0.82050 FF 0.6941
  eval   2 x=[0.  0.  0.2 0. ] Jsc=26.8062 Voc=0.81516 FF=0.6847 |r_data|=15.98
  eval   3 x=[0.  0.  0.2 0. ] Jsc=26.8062 Voc=0.81516 FF=0.6847 |r_data|=15.98
  eval   4 x=[0.  0.  0.2 0. ] Jsc=26.8062 Voc=0.81516 FF=0.6847 |r_data|=15.98
  eval   5 x=[0.     0.     0.2002 0.    ] Jsc=26.8062 Voc=0.81516 FF=0.6846 |r_data|=15.98
  eval   6 x=[0.  0.  0.2 0. ] Jsc=26.8062 Voc=0.81516 FF=0.6847 |r_data|=15.98
  eval   7 x=[-0.00921  0.00076  0.13689 -0.02906] Jsc=26.5682 Voc=0.81737 FF=0.6849 |r_data|=16.84
  eval   8 x=[-2.4400e-03  1.7000e-04  1.9057e-01 -7.7500e-03] Jsc=26.7413 Voc=0.81552 FF=0.6844 |r_data|=15.65
  eval   9 x=[-2.4400e-03  1.7000e-04  1.9057e-01 -7.7500e-03] Jsc=26.7412 Voc=0.81552 FF=0.6844 |r_data|=15.65
  eval  10 x=[-2.4400e-03  1.7000e-04  1.9057e-01 -7.7500e-03] Jsc=26.7413 Voc=0.81552 FF=0.6844 |r_data|=15.65
  eval  11 x=[-2.4400e-03  1.7000e-04  1.9076e-01 -7.7500e-03] Jsc=26.7412 Voc=0.81552 FF=0.6844 |r_data|=15.65
  eval  12 x=[-2.4400e-03  1.7000e-04  1.9057e-01 -7.7600e-03] Jsc=26.7413 Voc=0.81552 FF=0.6844 |r_data|=15.65
  eval  13 x=[-0.00189  0.00021  0.18959 -0.01   ] Jsc=26.7554 Voc=0.81561 FF=0.6841 |r_data|=15.24
  eval  14 x=[-0.0019   0.00021  0.18959 -0.01   ] Jsc=26.7553 Voc=0.81561 FF=0.6841 |r_data|=15.24
  eval  15 x=[-0.00189  0.00021  0.18959 -0.01   ] Jsc=26.7554 Voc=0.81561 FF=0.6841 |r_data|=15.24
  eval  16 x=[-0.00189  0.00021  0.18978 -0.01   ] Jsc=26.7553 Voc=0.81560 FF=0.6841 |r_data|=15.24
  eval  17 x=[-0.00189  0.00021  0.18959 -0.01001] Jsc=26.7554 Voc=0.81561 FF=0.6841 |r_data|=15.24
  eval  18 x=[-0.00095  0.00031  0.18748 -0.0148 ] Jsc=26.7798 Voc=0.81578 FF=0.6836 |r_data|=14.45
  eval  19 x=[-0.00095  0.00031  0.18748 -0.0148 ] Jsc=26.7798 Voc=0.81578 FF=0.6836 |r_data|=14.45
  eval  20 x=[-0.00095  0.00031  0.18748 -0.0148 ] Jsc=26.7798 Voc=0.81578 FF=0.6836 |r_data|=14.45
  eval  21 x=[-0.00095  0.00031  0.18767 -0.0148 ] Jsc=26.7798 Voc=0.81578 FF=0.6836 |r_data|=14.45
  eval  22 x=[-0.00095  0.00031  0.18748 -0.01482] Jsc=26.7798 Voc=0.81578 FF=0.6836 |r_data|=14.45
  eval  23 x=[ 0.0004   0.00052  0.18248 -0.02523] Jsc=26.8143 Voc=0.81617 FF=0.6825 |r_data|=12.99
  eval  24 x=[ 0.0004   0.00052  0.18248 -0.02523] Jsc=26.8144 Voc=0.81617 FF=0.6825 |r_data|=12.99
  eval  25 x=[ 0.0004   0.00052  0.18248 -0.02523] Jsc=26.8143 Voc=0.81617 FF=0.6825 |r_data|=12.99
  eval  26 x=[ 0.0004   0.00052  0.18266 -0.02523] Jsc=26.8143 Voc=0.81616 FF=0.6825 |r_data|=12.99
  eval  27 x=[ 0.0004   0.00052  0.18248 -0.02525] Jsc=26.8143 Voc=0.81617 FF=0.6825 |r_data|=12.99
  eval  28 x=[ 0.00161  0.00098  0.16974 -0.04703] Jsc=26.8439 Voc=0.81702 FF=0.6804 |r_data|=10.29
  eval  29 x=[ 0.00161  0.00098  0.16974 -0.04703] Jsc=26.8439 Voc=0.81702 FF=0.6804 |r_data|=10.29
  eval  30 x=[ 0.00161  0.00098  0.16974 -0.04703] Jsc=26.8439 Voc=0.81702 FF=0.6804 |r_data|=10.29
  eval  31 x=[ 0.00161  0.00098  0.16991 -0.04703] Jsc=26.8438 Voc=0.81701 FF=0.6804 |r_data|=10.29
  eval  32 x=[ 0.00161  0.00098  0.16974 -0.04707] Jsc=26.8438 Voc=0.81702 FF=0.6804 |r_data|=10.29
  eval  33 x=[ 0.00194  0.00199  0.14123 -0.08943] Jsc=26.8482 Voc=0.81881 FF=0.6766 |r_data|=5.11
  eval  34 x=[ 0.00194  0.00199  0.14123 -0.08943] Jsc=26.8483 Voc=0.81881 FF=0.6766 |r_data|=5.11
  eval  35 x=[ 0.00194  0.00199  0.14123 -0.08943] Jsc=26.8482 Voc=0.81882 FF=0.6766 |r_data|=5.11
  eval  36 x=[ 0.00194  0.00199  0.14138 -0.08943] Jsc=26.8482 Voc=0.81881 FF=0.6766 |r_data|=5.11
  eval  37 x=[ 0.00194  0.00199  0.14123 -0.08952] Jsc=26.8482 Voc=0.81881 FF=0.6766 |r_data|=5.11
  eval  38 x=[ 0.00191  0.00413  0.1566  -0.11446] Jsc=26.8370 Voc=0.82056 FF=0.6732 |r_data|=0.20
  eval  39 x=[ 0.00191  0.00413  0.1566  -0.11446] Jsc=26.8371 Voc=0.82056 FF=0.6732 |r_data|=0.20
  eval  40 x=[ 0.00191  0.00414  0.1566  -0.11446] Jsc=26.8370 Voc=0.82056 FF=0.6732 |r_data|=0.19
  eval  41 x=[ 0.00191  0.00413  0.15676 -0.11446] Jsc=26.8370 Voc=0.82055 FF=0.6732 |r_data|=0.20
  eval  42 x=[ 0.00191  0.00413  0.1566  -0.11457] Jsc=26.8370 Voc=0.82056 FF=0.6732 |r_data|=0.19
  eval  43 x=[ 0.00193  0.00432  0.16117 -0.11407] Jsc=26.8367 Voc=0.82062 FF=0.6731 |r_data|=0.01
  eval  44 x=[ 0.00194  0.00432  0.16117 -0.11407] Jsc=26.8368 Voc=0.82062 FF=0.6731 |r_data|=0.01
  eval  45 x=[ 0.00193  0.00433  0.16117 -0.11407] Jsc=26.8367 Voc=0.82063 FF=0.6731 |r_data|=0.01
  eval  46 x=[ 0.00193  0.00432  0.16133 -0.11407] Jsc=26.8367 Voc=0.82062 FF=0.6731 |r_data|=0.02
  eval  47 x=[ 0.00193  0.00432  0.16117 -0.11418] Jsc=26.8367 Voc=0.82062 FF=0.6730 |r_data|=0.01
  eval  48 x=[ 0.00199  0.00458  0.17074 -0.11083] Jsc=26.8367 Voc=0.82062 FF=0.6731 |r_data|=0.01
  eval  49 x=[ 0.00199  0.00458  0.17074 -0.11083] Jsc=26.8368 Voc=0.82062 FF=0.6731 |r_data|=0.01
  eval  50 x=[ 0.00199  0.00458  0.17074 -0.11083] Jsc=26.8367 Voc=0.82063 FF=0.6731 |r_data|=0.01
  eval  51 x=[ 0.00199  0.00458  0.17091 -0.11083] Jsc=26.8367 Voc=0.82062 FF=0.6731 |r_data|=0.02
  eval  52 x=[ 0.00199  0.00458  0.17074 -0.11094] Jsc=26.8367 Voc=0.82062 FF=0.6730 |r_data|=0.01
  eval  53 x=[ 0.00199  0.00458  0.17084 -0.1108 ] Jsc=26.8367 Voc=0.82062 FF=0.6731 |r_data|=0.01
  eval  54 x=[ 0.00199  0.00458  0.17084 -0.1108 ] Jsc=26.8368 Voc=0.82062 FF=0.6731 |r_data|=0.01
  eval  55 x=[ 0.00199  0.00458  0.17084 -0.1108 ] Jsc=26.8367 Voc=0.82063 FF=0.6731 |r_data|=0.01
  eval  56 x=[ 0.00199  0.00458  0.17101 -0.1108 ] Jsc=26.8367 Voc=0.82062 FF=0.6731 |r_data|=0.02
  eval  57 x=[ 0.00199  0.00458  0.17084 -0.11091] Jsc=26.8367 Voc=0.82062 FF=0.6730 |r_data|=0.01
  eval  58 x=[ 0.00199  0.00458  0.17087 -0.11079] Jsc=26.8367 Voc=0.82062 FF=0.6731 |r_data|=0.01
  eval  59 x=[ 0.00199  0.00458  0.17087 -0.11079] Jsc=26.8368 Voc=0.82062 FF=0.6731 |r_data|=0.01
  eval  60 x=[ 0.00199  0.00458  0.17087 -0.11079] Jsc=26.8367 Voc=0.82063 FF=0.6731 |r_data|=0.01
  eval  61 x=[ 0.00199  0.00458  0.17104 -0.11079] Jsc=26.8367 Voc=0.82062 FF=0.6731 |r_data|=0.02
  eval  62 x=[ 0.00199  0.00458  0.17087 -0.1109 ] Jsc=26.8367 Voc=0.82062 FF=0.6730 |r_data|=0.01
  eval  63 x=[ 0.00199  0.00458  0.17084 -0.1108 ] Jsc=26.8367 Voc=0.82062 FF=0.6731 |r_data|=0.01
  eval  64 x=[ 0.00199  0.00458  0.17084 -0.1108 ] Jsc=26.8368 Voc=0.82062 FF=0.6731 |r_data|=0.01
  eval  65 x=[ 0.00199  0.00458  0.17084 -0.1108 ] Jsc=26.8367 Voc=0.82063 FF=0.6731 |r_data|=0.01
  eval  66 x=[ 0.00199  0.00458  0.17101 -0.1108 ] Jsc=26.8367 Voc=0.82062 FF=0.6731 |r_data|=0.02
  eval  67 x=[ 0.00199  0.00458  0.17084 -0.11091] Jsc=26.8367 Voc=0.82062 FF=0.6730 |r_data|=0.01
  eval  68 x=[ 0.00199  0.00458  0.1708  -0.11081] Jsc=26.8367 Voc=0.82062 FF=0.6731 |r_data|=0.01
  eval  69 x=[ 0.00199  0.00458  0.1708  -0.11081] Jsc=26.8368 Voc=0.82062 FF=0.6731 |r_data|=0.01
  eval  70 x=[ 0.00199  0.00458  0.1708  -0.11081] Jsc=26.8367 Voc=0.82063 FF=0.6731 |r_data|=0.01
  eval  71 x=[ 0.00199  0.00458  0.17097 -0.11081] Jsc=26.8367 Voc=0.82062 FF=0.6731 |r_data|=0.02
  eval  72 x=[ 0.00199  0.00458  0.1708  -0.11092] Jsc=26.8367 Voc=0.82062 FF=0.6730 |r_data|=0.01
  eval  73 x=[ 0.00199  0.00458  0.1708  -0.11081] Jsc=26.8367 Voc=0.82062 FF=0.6731 |r_data|=0.01
DONE {"tag": "V1_one", "before": [26.85038549955319, 0.820497779368926, 0.6940553715338988], "after": [26.836734266093433, 0.8206225665429546, 0.6730599449196115], "target": [26.836715488777635, 0.8206258020771636, 0.6730529184954076], "x": [0.001987065006624487, 0.004578104140999995, 0.17080296188270833, -0.11080852576483623], "G_scale": 1.001989040528575, "dEg_V": 0.004578104140999995, "S": 1.186256988148998, "M": 0.8951101230478412, "beta300_new": 5.4133585585159155e-12, "zeta0": null, "zeta_new": null, "nfev": 74, "seconds": 243.52535915374756}
