V1_one_2020 before refit: Jsc 26.8504 Voc 0.82050 FF 0.6941
  eval   2 x=[-0.17  0.03  0.1   0.1 ] Jsc=22.6665 Voc=0.84318 FF=0.7186 |r_data|=23.60
  eval   3 x=[-0.17017  0.03     0.1      0.1    ] Jsc=22.6626 Voc=0.84318 FF=0.7186 |r_data|=23.65
  eval   4 x=[-0.17     0.03003  0.1      0.1    ] Jsc=22.6665 Voc=0.84321 FF=0.7186 |r_data|=23.54
  eval   5 x=[-0.17    0.03    0.1001  0.1   ] Jsc=22.6664 Voc=0.84318 FF=0.7186 |r_data|=23.61
  eval   6 x=[-0.17    0.03    0.1     0.1001] Jsc=22.6665 Voc=0.84318 FF=0.7186 |r_data|=23.60
  eval   7 x=[-0.16569  0.03225 -0.18338  0.05711] Jsc=22.7986 Voc=0.85313 FF=0.7264 |r_data|=1.79
  eval   8 x=[-0.16585  0.03225 -0.18338  0.05711] Jsc=22.7948 Voc=0.85312 FF=0.7264 |r_data|=1.82
  eval   9 x=[-0.16569  0.03228 -0.18338  0.05711] Jsc=22.7986 Voc=0.85316 FF=0.7264 |r_data|=1.73
  eval  10 x=[-0.16569  0.03225 -0.18357  0.05711] Jsc=22.7986 Voc=0.85313 FF=0.7264 |r_data|=1.79
  eval  11 x=[-0.16569  0.03225 -0.18338  0.05716] Jsc=22.7986 Voc=0.85313 FF=0.7264 |r_data|=1.79
  eval  12 x=[-0.16573  0.0319  -0.22856  0.03569] Jsc=22.8004 Voc=0.85399 FF=0.7260 |r_data|=0.03
  eval  13 x=[-0.16589  0.0319  -0.22856  0.03569] Jsc=22.7966 Voc=0.85399 FF=0.7260 |r_data|=0.15
  eval  14 x=[-0.16573  0.03193 -0.22856  0.03569] Jsc=22.8004 Voc=0.85402 FF=0.7260 |r_data|=0.05
  eval  15 x=[-0.16573  0.0319  -0.22879  0.03569] Jsc=22.8004 Voc=0.85400 FF=0.7260 |r_data|=0.02
  eval  16 x=[-0.16573  0.0319  -0.22856  0.03573] Jsc=22.8004 Voc=0.85399 FF=0.7260 |r_data|=0.03
  eval  17 x=[-0.16769  0.01491 -0.8628  -0.19028] Jsc=22.7935 Voc=0.85405 FF=0.7259 |r_data|=0.31
  eval  18 x=[-0.16786  0.01491 -0.8628  -0.19028] Jsc=22.7897 Voc=0.85405 FF=0.7259 |r_data|=0.47
  eval  19 x=[-0.16769  0.01492 -0.8628  -0.19028] Jsc=22.7935 Voc=0.85407 FF=0.7259 |r_data|=0.33
  eval  20 x=[-0.16769  0.01491 -0.86366 -0.19028] Jsc=22.7936 Voc=0.85407 FF=0.7259 |r_data|=0.32
  eval  21 x=[-0.16769  0.01491 -0.8628  -0.19047] Jsc=22.7935 Voc=0.85405 FF=0.7259 |r_data|=0.32
  eval  22 x=[-0.16753  0.01322 -0.92289 -0.21033] Jsc=22.8004 Voc=0.85399 FF=0.7260 |r_data|=0.03
  eval  23 x=[-0.1677   0.01322 -0.92289 -0.21033] Jsc=22.7966 Voc=0.85399 FF=0.7260 |r_data|=0.16
  eval  24 x=[-0.16753  0.01323 -0.92289 -0.21033] Jsc=22.8004 Voc=0.85401 FF=0.7260 |r_data|=0.03
  eval  25 x=[-0.16753  0.01322 -0.92381 -0.21033] Jsc=22.8004 Voc=0.85402 FF=0.7261 |r_data|=0.07
  eval  26 x=[-0.16753  0.01322 -0.92289 -0.21054] Jsc=22.8003 Voc=0.85399 FF=0.7260 |r_data|=0.02
  eval  27 x=[-0.1677   0.01107 -1.00223 -0.23852] Jsc=22.8003 Voc=0.85399 FF=0.7260 |r_data|=0.03
  eval  28 x=[-0.16786  0.01107 -1.00223 -0.23852] Jsc=22.7965 Voc=0.85399 FF=0.7260 |r_data|=0.16
  eval  29 x=[-0.1677   0.01108 -1.00223 -0.23852] Jsc=22.8003 Voc=0.85400 FF=0.7260 |r_data|=0.03
  eval  30 x=[-0.1677   0.01107 -1.00324 -0.23852] Jsc=22.8004 Voc=0.85402 FF=0.7261 |r_data|=0.08
  eval  31 x=[-0.1677   0.01107 -1.00223 -0.23876] Jsc=22.8003 Voc=0.85399 FF=0.7260 |r_data|=0.02
  eval  32 x=[-0.16771  0.01088 -1.00919 -0.24104] Jsc=22.8004 Voc=0.85399 FF=0.7260 |r_data|=0.03
  eval  33 x=[-0.16787  0.01088 -1.00919 -0.24104] Jsc=22.7966 Voc=0.85399 FF=0.7260 |r_data|=0.15
  eval  34 x=[-0.16771  0.01089 -1.00919 -0.24104] Jsc=22.8004 Voc=0.85400 FF=0.7260 |r_data|=0.03
  eval  35 x=[-0.16771  0.01088 -1.0102  -0.24104] Jsc=22.8005 Voc=0.85402 FF=0.7261 |r_data|=0.08
  eval  36 x=[-0.16771  0.01088 -1.00919 -0.24128] Jsc=22.8004 Voc=0.85399 FF=0.7260 |r_data|=0.03
  eval  37 x=[-0.16771  0.01086 -1.00987 -0.24128] Jsc=22.8004 Voc=0.85399 FF=0.7260 |r_data|=0.03
  eval  38 x=[-0.16787  0.01086 -1.00987 -0.24128] Jsc=22.7966 Voc=0.85399 FF=0.7260 |r_data|=0.15
  eval  39 x=[-0.16771  0.01087 -1.00987 -0.24128] Jsc=22.8004 Voc=0.85400 FF=0.7260 |r_data|=0.03
  eval  40 x=[-0.16771  0.01086 -1.01088 -0.24128] Jsc=22.8005 Voc=0.85402 FF=0.7261 |r_data|=0.08
  eval  41 x=[-0.16771  0.01086 -1.00987 -0.24152] Jsc=22.8004 Voc=0.85399 FF=0.7260 |r_data|=0.03
  eval  42 x=[-0.16771  0.01086 -1.00987 -0.24128] Jsc=22.8004 Voc=0.85399 FF=0.7260 |r_data|=0.03
  eval  43 x=[-0.16771  0.01086 -1.00987 -0.24128] Jsc=22.8004 Voc=0.85399 FF=0.7260 |r_data|=0.03
  eval  44 x=[-0.16771  0.01086 -1.00987 -0.24128] Jsc=22.8004 Voc=0.85399 FF=0.7260 |r_data|=0.03
  eval  45 x=[-0.16771  0.01086 -1.00987 -0.24128] Jsc=22.8004 Voc=0.85399 FF=0.7260 |r_data|=0.03
  eval  46 x=[-0.16787  0.01086 -1.00987 -0.24128] Jsc=22.7966 Voc=0.85399 FF=0.7260 |r_data|=0.15
  eval  47 x=[-0.16771  0.01087 -1.00987 -0.24128] Jsc=22.8004 Voc=0.85400 FF=0.7260 |r_data|=0.03
  eval  48 x=[-0.16771  0.01086 -1.01088 -0.24128] Jsc=22.8005 Voc=0.85402 FF=0.7261 |r_data|=0.08
  eval  49 x=[-0.16771  0.01086 -1.00987 -0.24152] Jsc=22.8004 Voc=0.85399 FF=0.7260 |r_data|=0.03
DONE {"tag": "V1_one_2020", "before": [26.85038549955319, 0.820497779368926, 0.6940553715338988], "after": [22.800427303610643, 0.8539923993927396, 0.7260169411746824], "target": [22.8, 0.854, 0.726], "x": [-0.16770643227571408, 0.010862548566509176, -1.0098709248239441, -0.24128042564604174], "G_scale": 0.8456020397168341, "dEg_V": 0.010862548566509176, "S": 0.36426599423458206, "M": 0.7856212871384113, "beta300_new": 1.662289417188585e-12, "zeta0": null, "zeta_new": null, "nfev": 50, "seconds": 178.13477683067322}
