V2_one before refit: Jsc 26.7427 Voc 0.82367 FF 0.6971
  eval   2 x=[0. 0. 0. 0.] Jsc=26.7427 Voc=0.82367 FF=0.6971 |r_data|=25.04
  eval   3 x=[0. 0. 0. 0.] Jsc=26.7427 Voc=0.82367 FF=0.6971 |r_data|=25.04
  eval   4 x=[0. 0. 0. 0.] Jsc=26.7427 Voc=0.82367 FF=0.6971 |r_data|=25.04
  eval   5 x=[0. 0. 0. 0.] Jsc=26.7427 Voc=0.82367 FF=0.6971 |r_data|=25.04
  eval   6 x=[0. 0. 0. 0.] Jsc=26.7427 Voc=0.82367 FF=0.6971 |r_data|=25.04
  eval   7 x=[-0.01993  0.00127  0.14355  0.00594] Jsc=26.1746 Voc=0.82045 FF=0.6927 |r_data|=31.54
  eval   8 x=[-4.190e-03 -9.000e-05  4.122e-02  1.061e-02] Jsc=26.6197 Voc=0.82210 FF=0.6963 |r_data|=24.75
  eval   9 x=[-4.190e-03 -9.000e-05  4.122e-02  1.061e-02] Jsc=26.6196 Voc=0.82210 FF=0.6963 |r_data|=24.75
  eval  10 x=[-4.190e-03 -9.000e-05  4.122e-02  1.061e-02] Jsc=26.6197 Voc=0.82210 FF=0.6963 |r_data|=24.75
  eval  11 x=[-4.190e-03 -9.000e-05  4.126e-02  1.061e-02] Jsc=26.6197 Voc=0.82210 FF=0.6963 |r_data|=24.75
  eval  12 x=[-4.190e-03 -9.000e-05  4.122e-02  1.062e-02] Jsc=26.6197 Voc=0.82210 FF=0.6963 |r_data|=24.75
  eval  13 x=[-0.00322 -0.00011  0.05284  0.00832] Jsc=26.6420 Voc=0.82185 FF=0.6955 |r_data|=23.72
  eval  14 x=[-0.00322 -0.00011  0.05284  0.00832] Jsc=26.6419 Voc=0.82185 FF=0.6955 |r_data|=23.72
  eval  15 x=[-0.00322 -0.00011  0.05284  0.00832] Jsc=26.6420 Voc=0.82185 FF=0.6955 |r_data|=23.72
  eval  16 x=[-0.00322 -0.00011  0.05289  0.00832] Jsc=26.6420 Voc=0.82185 FF=0.6955 |r_data|=23.72
  eval  17 x=[-0.00322 -0.00011  0.05284  0.00833] Jsc=26.6420 Voc=0.82185 FF=0.6955 |r_data|=23.72
  eval  18 x=[-0.00142 -0.00014  0.07651  0.00333] Jsc=26.6828 Voc=0.82137 FF=0.6939 |r_data|=21.71
  eval  19 x=[-0.00142 -0.00014  0.07651  0.00333] Jsc=26.6828 Voc=0.82137 FF=0.6939 |r_data|=21.71
  eval  20 x=[-0.00142 -0.00014  0.07651  0.00333] Jsc=26.6828 Voc=0.82137 FF=0.6939 |r_data|=21.71
  eval  21 x=[-0.00142 -0.00014  0.07659  0.00333] Jsc=26.6828 Voc=0.82137 FF=0.6939 |r_data|=21.70
  eval  22 x=[-0.00142 -0.00014  0.07651  0.00333] Jsc=26.6828 Voc=0.82137 FF=0.6939 |r_data|=21.71
  eval  23 x=[ 0.00161 -0.00018  0.1245  -0.0086 ] Jsc=26.7486 Voc=0.82046 FF=0.6907 |r_data|=17.92
  eval  24 x=[ 0.00161 -0.00018  0.1245  -0.0086 ] Jsc=26.7487 Voc=0.82046 FF=0.6907 |r_data|=17.92
  eval  25 x=[ 0.00161 -0.00018  0.1245  -0.0086 ] Jsc=26.7486 Voc=0.82046 FF=0.6907 |r_data|=17.92
  eval  26 x=[ 0.00161 -0.00018  0.12463 -0.0086 ] Jsc=26.7486 Voc=0.82046 FF=0.6907 |r_data|=17.92
  eval  27 x=[ 0.00161 -0.00018  0.1245  -0.00861] Jsc=26.7486 Voc=0.82046 FF=0.6907 |r_data|=17.92
  eval  28 x=[ 5.42e-03 -2.00e-05  2.11e-01 -4.14e-02] Jsc=26.8214 Voc=0.81931 FF=0.6841 |r_data|=11.34
  eval  29 x=[ 5.42e-03 -2.00e-05  2.11e-01 -4.14e-02] Jsc=26.8216 Voc=0.81931 FF=0.6841 |r_data|=11.34
  eval  30 x=[ 5.42e-03 -2.00e-05  2.11e-01 -4.14e-02] Jsc=26.8214 Voc=0.81931 FF=0.6841 |r_data|=11.34
  eval  31 x=[ 5.4200e-03 -2.0000e-05  2.1121e-01 -4.1400e-02] Jsc=26.8214 Voc=0.81930 FF=0.6841 |r_data|=11.33
  eval  32 x=[ 5.420e-03 -2.000e-05  2.110e-01 -4.144e-02] Jsc=26.8214 Voc=0.81931 FF=0.6841 |r_data|=11.33
  eval  33 x=[ 0.00755  0.00215  0.32344 -0.10551] Jsc=26.8378 Voc=0.82026 FF=0.6743 |r_data|=1.47
  eval  34 x=[ 0.00756  0.00215  0.32344 -0.10551] Jsc=26.8380 Voc=0.82026 FF=0.6743 |r_data|=1.47
  eval  35 x=[ 0.00755  0.00215  0.32344 -0.10551] Jsc=26.8378 Voc=0.82027 FF=0.6743 |r_data|=1.46
  eval  36 x=[ 0.00755  0.00215  0.32376 -0.10551] Jsc=26.8377 Voc=0.82025 FF=0.6743 |r_data|=1.46
  eval  37 x=[ 0.00755  0.00215  0.32344 -0.10562] Jsc=26.8378 Voc=0.82027 FF=0.6743 |r_data|=1.46
  eval  38 x=[ 0.00779  0.00292  0.34459 -0.11093] Jsc=26.8367 Voc=0.82062 FF=0.6731 |r_data|=0.02
  eval  39 x=[ 0.00779  0.00292  0.34459 -0.11093] Jsc=26.8369 Voc=0.82062 FF=0.6731 |r_data|=0.02
  eval  40 x=[ 0.00779  0.00292  0.34459 -0.11093] Jsc=26.8367 Voc=0.82062 FF=0.6731 |r_data|=0.02
  eval  41 x=[ 0.00779  0.00292  0.34493 -0.11093] Jsc=26.8366 Voc=0.82061 FF=0.6731 |r_data|=0.03
  eval  42 x=[ 0.00779  0.00292  0.34459 -0.11104] Jsc=26.8367 Voc=0.82062 FF=0.6731 |r_data|=0.01
  eval  43 x=[ 0.00806  0.00383  0.36753 -0.09942] Jsc=26.8367 Voc=0.82062 FF=0.6731 |r_data|=0.01
  eval  44 x=[ 0.00807  0.00383  0.36753 -0.09942] Jsc=26.8369 Voc=0.82062 FF=0.6731 |r_data|=0.01
  eval  45 x=[ 0.00806  0.00383  0.36753 -0.09942] Jsc=26.8367 Voc=0.82063 FF=0.6731 |r_data|=0.01
  eval  46 x=[ 0.00806  0.00383  0.3679  -0.09942] Jsc=26.8365 Voc=0.82061 FF=0.6730 |r_data|=0.03
  eval  47 x=[ 0.00806  0.00383  0.36753 -0.09952] Jsc=26.8366 Voc=0.82063 FF=0.6731 |r_data|=0.00
  eval  48 x=[ 0.00811  0.00398  0.37131 -0.09749] Jsc=26.8367 Voc=0.82062 FF=0.6731 |r_data|=0.01
  eval  49 x=[ 0.00812  0.00398  0.37131 -0.09749] Jsc=26.8369 Voc=0.82062 FF=0.6731 |r_data|=0.01
  eval  50 x=[ 0.00811  0.00398  0.37131 -0.09749] Jsc=26.8367 Voc=0.82063 FF=0.6731 |r_data|=0.01
  eval  51 x=[ 0.00811  0.00398  0.37168 -0.09749] Jsc=26.8366 Voc=0.82061 FF=0.6730 |r_data|=0.03
  eval  52 x=[ 0.00811  0.00398  0.37131 -0.09759] Jsc=26.8367 Voc=0.82063 FF=0.6731 |r_data|=0.00
  eval  53 x=[ 0.00811  0.00398  0.37135 -0.09747] Jsc=26.8367 Voc=0.82062 FF=0.6731 |r_data|=0.01
  eval  54 x=[ 0.00812  0.00398  0.37135 -0.09747] Jsc=26.8369 Voc=0.82062 FF=0.6731 |r_data|=0.01
  eval  55 x=[ 0.00811  0.00398  0.37135 -0.09747] Jsc=26.8367 Voc=0.82063 FF=0.6731 |r_data|=0.01
  eval  56 x=[ 0.00811  0.00398  0.37172 -0.09747] Jsc=26.8366 Voc=0.82061 FF=0.6730 |r_data|=0.03
  eval  57 x=[ 0.00811  0.00398  0.37135 -0.09757] Jsc=26.8367 Voc=0.82063 FF=0.6731 |r_data|=0.00
  eval  58 x=[ 0.00811  0.00398  0.37135 -0.09747] Jsc=26.8367 Voc=0.82062 FF=0.6731 |r_data|=0.01
  eval  59 x=[ 0.00812  0.00398  0.37135 -0.09747] Jsc=26.8369 Voc=0.82062 FF=0.6731 |r_data|=0.01
  eval  60 x=[ 0.00811  0.00398  0.37135 -0.09747] Jsc=26.8367 Voc=0.82063 FF=0.6731 |r_data|=0.01
  eval  61 x=[ 0.00811  0.00398  0.37172 -0.09747] Jsc=26.8366 Voc=0.82061 FF=0.6730 |r_data|=0.03
  eval  62 x=[ 0.00811  0.00398  0.37135 -0.09757] Jsc=26.8367 Voc=0.82063 FF=0.6731 |r_data|=0.00
  eval  63 x=[ 0.00811  0.00398  0.37134 -0.09747] Jsc=26.8367 Voc=0.82062 FF=0.6731 |r_data|=0.01
  eval  64 x=[ 0.00812  0.00398  0.37134 -0.09747] Jsc=26.8369 Voc=0.82062 FF=0.6731 |r_data|=0.01
  eval  65 x=[ 0.00811  0.00398  0.37134 -0.09747] Jsc=26.8367 Voc=0.82063 FF=0.6731 |r_data|=0.01
  eval  66 x=[ 0.00811  0.00398  0.37172 -0.09747] Jsc=26.8366 Voc=0.82061 FF=0.6730 |r_data|=0.03
  eval  67 x=[ 0.00811  0.00398  0.37134 -0.09757] Jsc=26.8367 Voc=0.82063 FF=0.6731 |r_data|=0.00
  eval  68 x=[ 0.00811  0.00398  0.37134 -0.09748] Jsc=26.8367 Voc=0.82062 FF=0.6731 |r_data|=0.01
  eval  69 x=[ 0.00811  0.00398  0.37134 -0.09747] Jsc=26.8367 Voc=0.82062 FF=0.6731 |r_data|=0.01
  eval  70 x=[ 0.00811  0.00398  0.37134 -0.09747] Jsc=26.8367 Voc=0.82062 FF=0.6731 |r_data|=0.01
  eval  71 x=[ 0.00811  0.00398  0.37134 -0.09747] Jsc=26.8367 Voc=0.82062 FF=0.6731 |r_data|=0.01
  eval  72 x=[ 0.00811  0.00398  0.37134 -0.09747] Jsc=26.8367 Voc=0.82062 FF=0.6731 |r_data|=0.01
DONE {"tag": "V2_one", "before": [26.742720525450803, 0.8236733251633618, 0.6970899738019011], "after": [26.836715052004966, 0.8206229854539535, 0.6730593794327954], "target": [26.836715488777635, 0.8206258020771636, 0.6730529184954076], "x": [0.008109279266936274, 0.0039785316116203815, 0.3713440869838082, -0.09747365978284495], "G_scale": 1.0081422485307834, "dEg_V": 0.0039785316116203815, "S": 1.4496818042178252, "M": 0.90712623514314, "beta300_new": null, "zeta0": 0.005791612665668987, "zeta_new": 0.008395995498497824, "nfev": 73, "seconds": 253.65439987182617}
