V2_cal before refit: Jsc 26.2906 Voc 0.82412 FF 0.5758
  eval   2 x=[0. 0. 0. 0.] Jsc=26.2906 Voc=0.82412 FF=0.5758 |r_data|=99.61
  eval   3 x=[0. 0. 0. 0.] Jsc=26.2906 Voc=0.82412 FF=0.5758 |r_data|=99.61
  eval   4 x=[0. 0. 0. 0.] Jsc=26.2906 Voc=0.82412 FF=0.5758 |r_data|=99.61
  eval   5 x=[0. 0. 0. 0.] Jsc=26.2906 Voc=0.82412 FF=0.5758 |r_data|=99.61
  eval   6 x=[0. 0. 0. 0.] Jsc=26.2906 Voc=0.82412 FF=0.5758 |r_data|=99.61
  eval   7 x=[ 0.07061 -0.01251 -0.66136 -0.00812] Jsc=28.5328 Voc=0.83130 FF=0.5968 |r_data|=101.28
  eval   8 x=[ 0.02047 -0.0005  -0.31253 -0.01562] Jsc=26.9974 Voc=0.83288 FF=0.5866 |r_data|=90.07
  eval   9 x=[ 0.02049 -0.0005  -0.31253 -0.01562] Jsc=26.9979 Voc=0.83288 FF=0.5866 |r_data|=90.07
  eval  10 x=[ 0.02047 -0.0005  -0.31253 -0.01562] Jsc=26.9974 Voc=0.83288 FF=0.5866 |r_data|=90.07
  eval  11 x=[ 0.02047 -0.0005  -0.31284 -0.01562] Jsc=26.9975 Voc=0.83288 FF=0.5866 |r_data|=90.06
  eval  12 x=[ 0.02047 -0.0005  -0.31253 -0.01564] Jsc=26.9974 Voc=0.83288 FF=0.5866 |r_data|=90.07
  eval  13 x=[ 0.01144 -0.00132 -0.5468   0.07211] Jsc=26.8741 Voc=0.83572 FF=0.6069 |r_data|=72.77
  eval  14 x=[ 0.01145 -0.00132 -0.5468   0.07211] Jsc=26.8744 Voc=0.83572 FF=0.6069 |r_data|=72.77
  eval  15 x=[ 0.01144 -0.00132 -0.5468   0.07211] Jsc=26.8741 Voc=0.83572 FF=0.6069 |r_data|=72.77
  eval  16 x=[ 0.01144 -0.00132 -0.54735  0.07211] Jsc=26.8744 Voc=0.83573 FF=0.6069 |r_data|=72.76
  eval  17 x=[ 0.01144 -0.00132 -0.5468   0.07218] Jsc=26.8741 Voc=0.83571 FF=0.6069 |r_data|=72.76
  eval  18 x=[ 0.00222 -0.00549 -0.82337  0.2442 ] Jsc=26.7444 Voc=0.83407 FF=0.6363 |r_data|=45.64
  eval  19 x=[ 0.00223 -0.00549 -0.82337  0.2442 ] Jsc=26.7444 Voc=0.83407 FF=0.6363 |r_data|=45.64
  eval  20 x=[ 0.00222 -0.0055  -0.82337  0.2442 ] Jsc=26.7444 Voc=0.83407 FF=0.6363 |r_data|=45.63
  eval  21 x=[ 0.00222 -0.00549 -0.82419  0.2442 ] Jsc=26.7447 Voc=0.83409 FF=0.6364 |r_data|=45.63
  eval  22 x=[ 0.00222 -0.00549 -0.82337  0.24445] Jsc=26.7444 Voc=0.83407 FF=0.6364 |r_data|=45.61
  eval  23 x=[-2.10000e-04 -2.05100e-02 -1.18388e+00  3.73080e-01] Jsc=26.7834 Voc=0.82515 FF=0.6628 |r_data|=13.83
  eval  24 x=[-2.10000e-04 -2.05100e-02 -1.18388e+00  3.73080e-01] Jsc=26.7834 Voc=0.82515 FF=0.6628 |r_data|=13.83
  eval  25 x=[-2.10000e-04 -2.05300e-02 -1.18388e+00  3.73080e-01] Jsc=26.7834 Voc=0.82513 FF=0.6628 |r_data|=13.81
  eval  26 x=[-2.10000e-04 -2.05100e-02 -1.18506e+00  3.73080e-01] Jsc=26.7837 Voc=0.82518 FF=0.6628 |r_data|=13.82
  eval  27 x=[-2.10000e-04 -2.05100e-02 -1.18388e+00  3.73460e-01] Jsc=26.7834 Voc=0.82514 FF=0.6628 |r_data|=13.79
  eval  28 x=[ 4.50000e-04 -2.64000e-02 -1.30651e+00  4.19420e-01] Jsc=26.8297 Voc=0.82131 FF=0.6716 |r_data|=2.04
  eval  29 x=[ 4.50000e-04 -2.64000e-02 -1.30651e+00  4.19420e-01] Jsc=26.8297 Voc=0.82131 FF=0.6716 |r_data|=2.04
  eval  30 x=[ 4.50000e-04 -2.64200e-02 -1.30651e+00  4.19420e-01] Jsc=26.8297 Voc=0.82128 FF=0.6716 |r_data|=2.00
  eval  31 x=[ 4.50000e-04 -2.64000e-02 -1.30782e+00  4.19420e-01] Jsc=26.8300 Voc=0.82134 FF=0.6716 |r_data|=2.04
  eval  32 x=[ 4.50000e-04 -2.64000e-02 -1.30651e+00  4.19840e-01] Jsc=26.8297 Voc=0.82130 FF=0.6716 |r_data|=1.99
  eval  33 x=[ 5.60000e-04 -2.72300e-02 -1.32275e+00  4.28780e-01] Jsc=26.8364 Voc=0.82066 FF=0.6730 |r_data|=0.10
  eval  34 x=[ 5.60000e-04 -2.72300e-02 -1.32275e+00  4.28780e-01] Jsc=26.8364 Voc=0.82066 FF=0.6730 |r_data|=0.10
  eval  35 x=[ 5.60000e-04 -2.72600e-02 -1.32275e+00  4.28780e-01] Jsc=26.8364 Voc=0.82063 FF=0.6730 |r_data|=0.08
  eval  36 x=[ 5.60000e-04 -2.72300e-02 -1.32407e+00  4.28780e-01] Jsc=26.8367 Voc=0.82070 FF=0.6730 |r_data|=0.14
  eval  37 x=[ 5.60000e-04 -2.72300e-02 -1.32275e+00  4.29210e-01] Jsc=26.8364 Voc=0.82065 FF=0.6730 |r_data|=0.06
  eval  38 x=[ 9.70000e-04 -2.48500e-02 -1.26377e+00  4.59930e-01] Jsc=26.8363 Voc=0.82064 FF=0.6730 |r_data|=0.04
  eval  39 x=[ 9.70000e-04 -2.48500e-02 -1.26377e+00  4.59930e-01] Jsc=26.8364 Voc=0.82064 FF=0.6730 |r_data|=0.04
  eval  40 x=[ 9.70000e-04 -2.48700e-02 -1.26377e+00  4.59930e-01] Jsc=26.8363 Voc=0.82062 FF=0.6730 |r_data|=0.03
  eval  41 x=[ 9.70000e-04 -2.48500e-02 -1.26504e+00  4.59930e-01] Jsc=26.8366 Voc=0.82068 FF=0.6731 |r_data|=0.11
  eval  42 x=[ 9.70000e-04 -2.48500e-02 -1.26377e+00  4.60390e-01] Jsc=26.8364 Voc=0.82063 FF=0.6731 |r_data|=0.02
  eval  43 x=[ 0.00159 -0.02143 -1.17884  0.50356] Jsc=26.8361 Voc=0.82064 FF=0.6730 |r_data|=0.04
  eval  44 x=[ 0.00159 -0.02143 -1.17884  0.50356] Jsc=26.8361 Voc=0.82064 FF=0.6730 |r_data|=0.04
  eval  45 x=[ 0.00159 -0.02145 -1.17884  0.50356] Jsc=26.8361 Voc=0.82062 FF=0.6730 |r_data|=0.03
  eval  46 x=[ 0.00159 -0.02143 -1.18002  0.50356] Jsc=26.8364 Voc=0.82067 FF=0.6731 |r_data|=0.11
  eval  47 x=[ 0.00159 -0.02143 -1.17884  0.50406] Jsc=26.8361 Voc=0.82063 FF=0.6731 |r_data|=0.04
  eval  48 x=[ 0.00167 -0.02113 -1.17115  0.50719] Jsc=26.8366 Voc=0.82064 FF=0.6730 |r_data|=0.04
  eval  49 x=[ 0.00167 -0.02113 -1.17115  0.50719] Jsc=26.8366 Voc=0.82064 FF=0.6730 |r_data|=0.04
  eval  50 x=[ 0.00167 -0.02116 -1.17115  0.50719] Jsc=26.8366 Voc=0.82062 FF=0.6730 |r_data|=0.04
  eval  51 x=[ 0.00167 -0.02113 -1.17232  0.50719] Jsc=26.8369 Voc=0.82067 FF=0.6731 |r_data|=0.10
  eval  52 x=[ 0.00167 -0.02113 -1.17115  0.5077 ] Jsc=26.8366 Voc=0.82063 FF=0.6731 |r_data|=0.01
  eval  53 x=[ 0.00169 -0.02106 -1.16934  0.50811] Jsc=26.8366 Voc=0.82064 FF=0.6730 |r_data|=0.04
  eval  54 x=[ 0.00169 -0.02106 -1.16934  0.50811] Jsc=26.8366 Voc=0.82064 FF=0.6730 |r_data|=0.04
  eval  55 x=[ 0.00169 -0.02108 -1.16934  0.50811] Jsc=26.8366 Voc=0.82062 FF=0.6730 |r_data|=0.04
  eval  56 x=[ 0.00169 -0.02106 -1.17051  0.50811] Jsc=26.8369 Voc=0.82067 FF=0.6731 |r_data|=0.10
  eval  57 x=[ 0.00169 -0.02106 -1.16934  0.50862] Jsc=26.8366 Voc=0.82063 FF=0.6731 |r_data|=0.01
  eval  58 x=[ 0.00169 -0.02106 -1.16923  0.50816] Jsc=26.8366 Voc=0.82064 FF=0.6730 |r_data|=0.04
  eval  59 x=[ 0.00169 -0.02106 -1.16923  0.50816] Jsc=26.8366 Voc=0.82064 FF=0.6730 |r_data|=0.04
  eval  60 x=[ 0.00169 -0.02108 -1.16923  0.50816] Jsc=26.8366 Voc=0.82062 FF=0.6730 |r_data|=0.04
  eval  61 x=[ 0.00169 -0.02106 -1.1704   0.50816] Jsc=26.8369 Voc=0.82067 FF=0.6731 |r_data|=0.10
  eval  62 x=[ 0.00169 -0.02106 -1.16923  0.50867] Jsc=26.8366 Voc=0.82063 FF=0.6731 |r_data|=0.01
  eval  63 x=[ 0.00169 -0.02106 -1.16923  0.50817] Jsc=26.8366 Voc=0.82064 FF=0.6730 |r_data|=0.04
  eval  64 x=[ 0.00169 -0.02106 -1.16923  0.50817] Jsc=26.8366 Voc=0.82064 FF=0.6730 |r_data|=0.04
  eval  65 x=[ 0.00169 -0.02108 -1.16923  0.50817] Jsc=26.8366 Voc=0.82062 FF=0.6730 |r_data|=0.04
  eval  66 x=[ 0.00169 -0.02106 -1.1704   0.50817] Jsc=26.8369 Voc=0.82067 FF=0.6731 |r_data|=0.10
  eval  67 x=[ 0.00169 -0.02106 -1.16923  0.50867] Jsc=26.8366 Voc=0.82063 FF=0.6731 |r_data|=0.01
DONE {"tag": "V2_cal", "before": [26.290558710703827, 0.8241158306649945, 0.5757987150933156], "after": [26.836599627574785, 0.82064057552052, 0.673021586330723], "target": [26.836715488777635, 0.8206258020771636, 0.6730529184954076], "x": [0.0016874560500939923, -0.02105732782620622, -1.1692258650083918, 0.5081665271150506], "G_scale": 1.001688880605233, "dEg_V": -0.02105732782620622, "S": 0.3106073001980835, "M": 1.6622407260249783, "beta300_new": null, "zeta0": 0.012233582727337742, "zeta_new": 0.0037998401026882833, "nfev": 68, "seconds": 255.9419023990631}
