V1_cal before refit: Jsc 26.4789 Voc 0.82101 FF 0.5684
  eval   2 x=[0. 0. 0. 0.] Jsc=26.4789 Voc=0.82101 FF=0.5684 |r_data|=105.51
  eval   3 x=[0. 0. 0. 0.] Jsc=26.4789 Voc=0.82101 FF=0.5684 |r_data|=105.51
  eval   4 x=[0. 0. 0. 0.] Jsc=26.4789 Voc=0.82101 FF=0.5684 |r_data|=105.51
  eval   5 x=[0. 0. 0. 0.] Jsc=26.4789 Voc=0.82101 FF=0.5684 |r_data|=105.51
  eval   6 x=[0. 0. 0. 0.] Jsc=26.4789 Voc=0.82101 FF=0.5684 |r_data|=105.51
  eval   7 x=[ 0.07131 -0.012   -0.73512 -0.01363] Jsc=28.7152 Voc=0.83064 FF=0.5932 |r_data|=108.05
  eval   8 x=[ 1.8850e-02 -2.6000e-04 -3.3175e-01 -2.0010e-02] Jsc=27.1183 Voc=0.83014 FF=0.5795 |r_data|=96.01
  eval   9 x=[ 1.8870e-02 -2.6000e-04 -3.3175e-01 -2.0010e-02] Jsc=27.1188 Voc=0.83014 FF=0.5795 |r_data|=96.01
  eval  10 x=[ 1.8850e-02 -2.6000e-04 -3.3175e-01 -2.0010e-02] Jsc=27.1183 Voc=0.83014 FF=0.5795 |r_data|=96.01
  eval  11 x=[ 1.8850e-02 -2.6000e-04 -3.3209e-01 -2.0010e-02] Jsc=27.1184 Voc=0.83015 FF=0.5795 |r_data|=96.00
  eval  12 x=[ 1.8850e-02 -2.6000e-04 -3.3175e-01 -2.0030e-02] Jsc=27.1183 Voc=0.83014 FF=0.5795 |r_data|=96.01
  eval  13 x=[ 0.00852 -0.00089 -0.55576  0.06911] Jsc=26.9631 Voc=0.83516 FF=0.6048 |r_data|=74.32
  eval  14 x=[ 0.00853 -0.00089 -0.55576  0.06911] Jsc=26.9633 Voc=0.83516 FF=0.6048 |r_data|=74.32
  eval  15 x=[ 0.00852 -0.00089 -0.55576  0.06911] Jsc=26.9631 Voc=0.83516 FF=0.6048 |r_data|=74.31
  eval  16 x=[ 0.00852 -0.00089 -0.55631  0.06911] Jsc=26.9633 Voc=0.83518 FF=0.6049 |r_data|=74.30
  eval  17 x=[ 0.00852 -0.00089 -0.55576  0.06918] Jsc=26.9631 Voc=0.83516 FF=0.6048 |r_data|=74.31
  eval  18 x=[-0.00303 -0.00578 -0.73944  0.23656] Jsc=26.7554 Voc=0.83479 FF=0.6388 |r_data|=44.56
  eval  19 x=[-0.00303 -0.00578 -0.73944  0.23656] Jsc=26.7554 Voc=0.83479 FF=0.6388 |r_data|=44.56
  eval  20 x=[-0.00303 -0.00578 -0.73944  0.23656] Jsc=26.7554 Voc=0.83479 FF=0.6388 |r_data|=44.56
  eval  21 x=[-0.00303 -0.00578 -0.74018  0.23656] Jsc=26.7556 Voc=0.83481 FF=0.6388 |r_data|=44.56
  eval  22 x=[-0.00303 -0.00578 -0.73944  0.2368 ] Jsc=26.7555 Voc=0.83479 FF=0.6388 |r_data|=44.54
  eval  23 x=[-0.00402 -0.0212  -0.95161  0.35768] Jsc=26.7910 Voc=0.82499 FF=0.6637 |r_data|=12.88
  eval  24 x=[-0.00403 -0.0212  -0.95161  0.35768] Jsc=26.7909 Voc=0.82499 FF=0.6637 |r_data|=12.88
  eval  25 x=[-0.00402 -0.02122 -0.95161  0.35768] Jsc=26.7910 Voc=0.82497 FF=0.6637 |r_data|=12.86
  eval  26 x=[-0.00402 -0.0212  -0.95257  0.35768] Jsc=26.7912 Voc=0.82502 FF=0.6638 |r_data|=12.88
  eval  27 x=[-0.00402 -0.0212  -0.95161  0.35803] Jsc=26.7911 Voc=0.82499 FF=0.6638 |r_data|=12.85
  eval  28 x=[-0.00311 -0.02652 -1.0094   0.40295] Jsc=26.8312 Voc=0.82124 FF=0.6717 |r_data|=1.81
  eval  29 x=[-0.00311 -0.02652 -1.0094   0.40295] Jsc=26.8311 Voc=0.82124 FF=0.6717 |r_data|=1.81
  eval  30 x=[-0.00311 -0.02654 -1.0094   0.40295] Jsc=26.8312 Voc=0.82121 FF=0.6717 |r_data|=1.78
  eval  31 x=[-0.00311 -0.02652 -1.01041  0.40295] Jsc=26.8314 Voc=0.82127 FF=0.6718 |r_data|=1.81
  eval  32 x=[-0.00311 -0.02652 -1.0094   0.40335] Jsc=26.8313 Voc=0.82124 FF=0.6718 |r_data|=1.77
  eval  33 x=[-0.00298 -0.02719 -1.01278  0.41199] Jsc=26.8365 Voc=0.82066 FF=0.6730 |r_data|=0.09
  eval  34 x=[-0.00299 -0.02719 -1.01278  0.41199] Jsc=26.8364 Voc=0.82066 FF=0.6730 |r_data|=0.09
  eval  35 x=[-0.00298 -0.02722 -1.01278  0.41199] Jsc=26.8365 Voc=0.82063 FF=0.6730 |r_data|=0.07
  eval  36 x=[-0.00298 -0.02719 -1.0138   0.41199] Jsc=26.8366 Voc=0.82068 FF=0.6730 |r_data|=0.12
  eval  37 x=[-0.00298 -0.02719 -1.01278  0.4124 ] Jsc=26.8366 Voc=0.82066 FF=0.6730 |r_data|=0.06
  eval  38 x=[-0.00267 -0.02412 -0.89874  0.4513 ] Jsc=26.8363 Voc=0.82064 FF=0.6730 |r_data|=0.04
  eval  39 x=[-0.00267 -0.02412 -0.89874  0.4513 ] Jsc=26.8363 Voc=0.82064 FF=0.6730 |r_data|=0.04
  eval  40 x=[-0.00267 -0.02414 -0.89874  0.4513 ] Jsc=26.8363 Voc=0.82062 FF=0.6730 |r_data|=0.02
  eval  41 x=[-0.00267 -0.02412 -0.89964  0.4513 ] Jsc=26.8365 Voc=0.82067 FF=0.6731 |r_data|=0.09
  eval  42 x=[-0.00267 -0.02412 -0.89874  0.45175] Jsc=26.8364 Voc=0.82064 FF=0.6731 |r_data|=0.06
  eval  43 x=[-0.00234 -0.02123 -0.79161  0.48756] Jsc=26.8364 Voc=0.82064 FF=0.6730 |r_data|=0.04
  eval  44 x=[-0.00234 -0.02123 -0.79161  0.48756] Jsc=26.8363 Voc=0.82064 FF=0.6730 |r_data|=0.04
  eval  45 x=[-0.00234 -0.02125 -0.79161  0.48756] Jsc=26.8363 Voc=0.82062 FF=0.6730 |r_data|=0.02
  eval  46 x=[-0.00234 -0.02123 -0.7924   0.48756] Jsc=26.8365 Voc=0.82066 FF=0.6731 |r_data|=0.08
  eval  47 x=[-0.00234 -0.02123 -0.79161  0.48804] Jsc=26.8364 Voc=0.82064 FF=0.6731 |r_data|=0.06
  eval  48 x=[-0.00224 -0.02053 -0.76558  0.49621] Jsc=26.8366 Voc=0.82064 FF=0.6730 |r_data|=0.04
  eval  49 x=[-0.00225 -0.02053 -0.76558  0.49621] Jsc=26.8365 Voc=0.82064 FF=0.6730 |r_data|=0.04
  eval  50 x=[-0.00224 -0.02055 -0.76558  0.49621] Jsc=26.8366 Voc=0.82062 FF=0.6730 |r_data|=0.04
  eval  51 x=[-0.00224 -0.02053 -0.76634  0.49621] Jsc=26.8367 Voc=0.82066 FF=0.6731 |r_data|=0.07
  eval  52 x=[-0.00224 -0.02053 -0.76558  0.49671] Jsc=26.8367 Voc=0.82064 FF=0.6731 |r_data|=0.05
  eval  53 x=[-0.00222 -0.02033 -0.75826  0.49867] Jsc=26.8366 Voc=0.82064 FF=0.6730 |r_data|=0.04
  eval  54 x=[-0.00222 -0.02033 -0.75826  0.49867] Jsc=26.8365 Voc=0.82064 FF=0.6730 |r_data|=0.04
  eval  55 x=[-0.00222 -0.02035 -0.75826  0.49867] Jsc=26.8366 Voc=0.82062 FF=0.6730 |r_data|=0.04
  eval  56 x=[-0.00222 -0.02033 -0.75902  0.49867] Jsc=26.8367 Voc=0.82066 FF=0.6731 |r_data|=0.07
  eval  57 x=[-0.00222 -0.02033 -0.75826  0.49917] Jsc=26.8367 Voc=0.82064 FF=0.6731 |r_data|=0.05
  eval  58 x=[-0.00222 -0.02032 -0.75795  0.49878] Jsc=26.8366 Voc=0.82064 FF=0.6730 |r_data|=0.04
  eval  59 x=[-0.00222 -0.02032 -0.75795  0.49878] Jsc=26.8366 Voc=0.82064 FF=0.6730 |r_data|=0.04
  eval  60 x=[-0.00222 -0.02034 -0.75795  0.49878] Jsc=26.8366 Voc=0.82062 FF=0.6730 |r_data|=0.04
  eval  61 x=[-0.00222 -0.02032 -0.7587   0.49878] Jsc=26.8367 Voc=0.82066 FF=0.6731 |r_data|=0.07
  eval  62 x=[-0.00222 -0.02032 -0.75795  0.49927] Jsc=26.8367 Voc=0.82064 FF=0.6731 |r_data|=0.05
  eval  63 x=[-0.00222 -0.02032 -0.75794  0.49878] Jsc=26.8366 Voc=0.82064 FF=0.6730 |r_data|=0.04
  eval  64 x=[-0.00222 -0.02032 -0.75794  0.49878] Jsc=26.8366 Voc=0.82064 FF=0.6730 |r_data|=0.04
  eval  65 x=[-0.00222 -0.02034 -0.75794  0.49878] Jsc=26.8366 Voc=0.82062 FF=0.6730 |r_data|=0.04
  eval  66 x=[-0.00222 -0.02032 -0.7587   0.49878] Jsc=26.8367 Voc=0.82066 FF=0.6731 |r_data|=0.07
  eval  67 x=[-0.00222 -0.02032 -0.75794  0.49928] Jsc=26.8367 Voc=0.82064 FF=0.6731 |r_data|=0.05
DONE {"tag": "V1_cal", "before": [26.47887268870367, 0.8210133749278558, 0.5683950555310412], "after": [26.836612163778963, 0.8206400880084583, 0.6730228509708206], "target": [26.836715488777635, 0.8206258020771636, 0.6730529184954076], "x": [-0.002219033389609106, -0.020319162569179712, -0.7579377470169817, 0.4987782956733533], "G_scale": 0.9977834268448658, "dEg_V": -0.020319162569179712, "S": 0.4686318686443537, "M": 1.646708250698282, "beta300_new": 2.138552069461511e-12, "zeta0": null, "zeta_new": null, "nfev": 68, "seconds": 245.01244807243347}
